Component: ARM Compiler 5.06 update 6 (build 750) Tool: armlink [4d35ed]

==============================================================================

Section Cross References

    startup_stm32l475xx.o(RESET) refers to startup_stm32l475xx.o(STACK) for __initial_sp
    startup_stm32l475xx.o(RESET) refers to startup_stm32l475xx.o(.text) for Reset_Handler
    startup_stm32l475xx.o(RESET) refers to stm32l4xx_it.o(i.NMI_Handler) for NMI_Handler
    startup_stm32l475xx.o(RESET) refers to context_rvds.o(.text) for HardFault_Handler
    startup_stm32l475xx.o(RESET) refers to stm32l4xx_it.o(i.MemManage_Handler) for MemManage_Handler
    startup_stm32l475xx.o(RESET) refers to stm32l4xx_it.o(i.BusFault_Handler) for BusFault_Handler
    startup_stm32l475xx.o(RESET) refers to stm32l4xx_it.o(i.UsageFault_Handler) for UsageFault_Handler
    startup_stm32l475xx.o(RESET) refers to stm32l4xx_it.o(i.SVC_Handler) for SVC_Handler
    startup_stm32l475xx.o(RESET) refers to stm32l4xx_it.o(i.DebugMon_Handler) for DebugMon_Handler
    startup_stm32l475xx.o(RESET) refers to board.o(i.SysTick_Handler) for SysTick_Handler
    startup_stm32l475xx.o(.text) refers to system_stm32l4xx.o(i.SystemInit) for SystemInit
    startup_stm32l475xx.o(.text) refers to entry.o(.ARM.Collect$$$$00000000) for __main
    main.o(i.MX_GPIO_Init) refers to memseta.o(.text) for __aeabi_memclr4
    main.o(i.MX_GPIO_Init) refers to stm32l4xx_hal_gpio.o(i.HAL_GPIO_WritePin) for HAL_GPIO_WritePin
    main.o(i.MX_GPIO_Init) refers to stm32l4xx_hal_gpio.o(i.HAL_GPIO_Init) for HAL_GPIO_Init
    main.o(i.SystemClock_Config) refers to memseta.o(.text) for __aeabi_memclr4
    main.o(i.SystemClock_Config) refers to stm32l4xx_hal_rcc.o(i.HAL_RCC_OscConfig) for HAL_RCC_OscConfig
    main.o(i.SystemClock_Config) refers to stm32l4xx_hal_rcc.o(i.HAL_RCC_ClockConfig) for HAL_RCC_ClockConfig
    main.o(i.SystemClock_Config) refers to stm32l4xx_hal_pwr_ex.o(i.HAL_PWREx_ControlVoltageScaling) for HAL_PWREx_ControlVoltageScaling
    main.o(i.main) refers to stm32l4xx_hal.o(i.HAL_Init) for HAL_Init
    main.o(i.main) refers to main.o(i.SystemClock_Config) for SystemClock_Config
    main.o(i.main) refers to main.o(i.MX_GPIO_Init) for MX_GPIO_Init
    main.o(i.main) refers to thread_test.o(i.MX_rtthread_Process) for MX_rtthread_Process
    thread_test.o(i.MX_rtthread_Process) refers to stm32l4xx_hal_gpio.o(i.HAL_GPIO_WritePin) for HAL_GPIO_WritePin
    thread_test.o(i.MX_rtthread_Process) refers to ipc.o(i.rt_event_init) for rt_event_init
    thread_test.o(i.MX_rtthread_Process) refers to thread.o(i.rt_thread_init) for rt_thread_init
    thread_test.o(i.MX_rtthread_Process) refers to thread.o(i.rt_thread_startup) for rt_thread_startup
    thread_test.o(i.MX_rtthread_Process) refers to thread_test.o(.bss) for .bss
    thread_test.o(i.MX_rtthread_Process) refers to thread_test.o(i.led_thread1_entry) for led_thread1_entry
    thread_test.o(i.MX_rtthread_Process) refers to thread_test.o(i.led_thread2_entry) for led_thread2_entry
    thread_test.o(i.MX_rtthread_Process) refers to thread_test.o(i.led_thread3_entry) for led_thread3_entry
    thread_test.o(i.MX_rtthread_Process) refers to thread_test.o(i.key_thread_entry) for key_thread_entry
    thread_test.o(i.key_thread_entry) refers to stm32l4xx_hal_gpio.o(i.HAL_GPIO_ReadPin) for HAL_GPIO_ReadPin
    thread_test.o(i.key_thread_entry) refers to ipc.o(i.rt_event_send) for rt_event_send
    thread_test.o(i.key_thread_entry) refers to thread.o(i.rt_thread_mdelay) for rt_thread_mdelay
    thread_test.o(i.key_thread_entry) refers to thread_test.o(.data) for .data
    thread_test.o(i.key_thread_entry) refers to thread_test.o(.bss) for .bss
    thread_test.o(i.led_thread1_entry) refers to stm32l4xx_hal_gpio.o(i.HAL_GPIO_WritePin) for HAL_GPIO_WritePin
    thread_test.o(i.led_thread1_entry) refers to ipc.o(i.rt_event_recv) for rt_event_recv
    thread_test.o(i.led_thread1_entry) refers to thread.o(i.rt_thread_mdelay) for rt_thread_mdelay
    thread_test.o(i.led_thread1_entry) refers to thread_test.o(.data) for .data
    thread_test.o(i.led_thread1_entry) refers to thread_test.o(.bss) for .bss
    thread_test.o(i.led_thread2_entry) refers to stm32l4xx_hal_gpio.o(i.HAL_GPIO_WritePin) for HAL_GPIO_WritePin
    thread_test.o(i.led_thread2_entry) refers to ipc.o(i.rt_event_recv) for rt_event_recv
    thread_test.o(i.led_thread2_entry) refers to thread.o(i.rt_thread_mdelay) for rt_thread_mdelay
    thread_test.o(i.led_thread2_entry) refers to thread_test.o(.data) for .data
    thread_test.o(i.led_thread2_entry) refers to thread_test.o(.bss) for .bss
    thread_test.o(i.led_thread3_entry) refers to stm32l4xx_hal_gpio.o(i.HAL_GPIO_WritePin) for HAL_GPIO_WritePin
    thread_test.o(i.led_thread3_entry) refers to ipc.o(i.rt_event_recv) for rt_event_recv
    thread_test.o(i.led_thread3_entry) refers to thread.o(i.rt_thread_mdelay) for rt_thread_mdelay
    thread_test.o(i.led_thread3_entry) refers to thread_test.o(.data) for .data
[...]
    Removing stm32l4xx_hal_i2c.o(i.HAL_I2C_GetState), (6 bytes).
    Removing stm32l4xx_hal_i2c.o(i.HAL_I2C_Init), (184 bytes).
    Removing stm32l4xx_hal_i2c.o(i.HAL_I2C_IsDeviceReady), (298 bytes).
    Removing stm32l4xx_hal_i2c.o(i.HAL_I2C_ListenCpltCallback), (2 bytes).
    Removing stm32l4xx_hal_i2c.o(i.HAL_I2C_MasterRxCpltCallback), (2 bytes).
    Removing stm32l4xx_hal_i2c.o(i.HAL_I2C_MasterTxCpltCallback), (2 bytes).
    Removing stm32l4xx_hal_i2c.o(i.HAL_I2C_Master_Abort_IT), (96 bytes).
    Removing stm32l4xx_hal_i2c.o(i.HAL_I2C_Master_Receive), (298 bytes).
    Removing stm32l4xx_hal_i2c.o(i.HAL_I2C_Master_Receive_DMA), (304 bytes).
    Removing stm32l4xx_hal_i2c.o(i.HAL_I2C_Master_Receive_IT), (136 bytes).
    Removing stm32l4xx_hal_i2c.o(i.HAL_I2C_Master_Sequential_Receive_DMA), (342 bytes).
    Removing stm32l4xx_hal_i2c.o(i.HAL_I2C_Master_Sequential_Receive_IT), (164 bytes).
    Removing stm32l4xx_hal_i2c.o(i.HAL_I2C_Master_Sequential_Transmit_DMA), (342 bytes).
    Removing stm32l4xx_hal_i2c.o(i.HAL_I2C_Master_Sequential_Transmit_IT), (160 bytes).
    Removing stm32l4xx_hal_i2c.o(i.HAL_I2C_Master_Transmit), (298 bytes).
    Removing stm32l4xx_hal_i2c.o(i.HAL_I2C_Master_Transmit_DMA), (304 bytes).
    Removing stm32l4xx_hal_i2c.o(i.HAL_I2C_Master_Transmit_IT), (136 bytes).
    Removing stm32l4xx_hal_i2c.o(i.HAL_I2C_MemRxCpltCallback), (2 bytes).
    Removing stm32l4xx_hal_i2c.o(i.HAL_I2C_MemTxCpltCallback), (2 bytes).
    Removing stm32l4xx_hal_i2c.o(i.HAL_I2C_Mem_Read), (362 bytes).
    Removing stm32l4xx_hal_i2c.o(i.HAL_I2C_Mem_Read_DMA), (326 bytes).
    Removing stm32l4xx_hal_i2c.o(i.HAL_I2C_Mem_Read_IT), (210 bytes).
    Removing stm32l4xx_hal_i2c.o(i.HAL_I2C_Mem_Write), (350 bytes).
    Removing stm32l4xx_hal_i2c.o(i.HAL_I2C_Mem_Write_DMA), (318 bytes).
    Removing stm32l4xx_hal_i2c.o(i.HAL_I2C_Mem_Write_IT), (202 bytes).
    Removing stm32l4xx_hal_i2c.o(i.HAL_I2C_MspDeInit), (2 bytes).
    Removing stm32l4xx_hal_i2c.o(i.HAL_I2C_MspInit), (2 bytes).
    Removing stm32l4xx_hal_i2c.o(i.HAL_I2C_SlaveRxCpltCallback), (2 bytes).
    Removing stm32l4xx_hal_i2c.o(i.HAL_I2C_SlaveTxCpltCallback), (2 bytes).
    Removing stm32l4xx_hal_i2c.o(i.HAL_I2C_Slave_Receive), (304 bytes).
    Removing stm32l4xx_hal_i2c.o(i.HAL_I2C_Slave_Receive_DMA), (220 bytes).
    Removing stm32l4xx_hal_i2c.o(i.HAL_I2C_Slave_Receive_IT), (92 bytes).
    Removing stm32l4xx_hal_i2c.o(i.HAL_I2C_Slave_Sequential_Receive_DMA), (360 bytes).
    Removing stm32l4xx_hal_i2c.o(i.HAL_I2C_Slave_Sequential_Receive_IT), (196 bytes).
    Removing stm32l4xx_hal_i2c.o(i.HAL_I2C_Slave_Sequential_Transmit_DMA), (360 bytes).
    Removing stm32l4xx_hal_i2c.o(i.HAL_I2C_Slave_Sequential_Transmit_IT), (196 bytes).
    Removing stm32l4xx_hal_i2c.o(i.HAL_I2C_Slave_Transmit), (308 bytes).
    Removing stm32l4xx_hal_i2c.o(i.HAL_I2C_Slave_Transmit_DMA), (212 bytes).
    Removing stm32l4xx_hal_i2c.o(i.HAL_I2C_Slave_Transmit_IT), (92 bytes).
    Removing stm32l4xx_hal_i2c.o(i.I2C_ConvertOtherXferOptions), (26 bytes).
    Removing stm32l4xx_hal_i2c.o(i.I2C_DMAAbort), (40 bytes).
    Removing stm32l4xx_hal_i2c.o(i.I2C_DMAError), (18 bytes).
    Removing stm32l4xx_hal_i2c.o(i.I2C_DMAMasterReceiveCplt), (78 bytes).
    Removing stm32l4xx_hal_i2c.o(i.I2C_DMAMasterTransmitCplt), (78 bytes).
    Removing stm32l4xx_hal_i2c.o(i.I2C_DMASlaveReceiveCplt), (36 bytes).
    Removing stm32l4xx_hal_i2c.o(i.I2C_DMASlaveTransmitCplt), (30 bytes).
    Removing stm32l4xx_hal_i2c.o(i.I2C_Disable_IRQ), (84 bytes).
    Removing stm32l4xx_hal_i2c.o(i.I2C_Enable_IRQ), (92 bytes).
    Removing stm32l4xx_hal_i2c.o(i.I2C_Flush_TXDR), (34 bytes).
    Removing stm32l4xx_hal_i2c.o(i.I2C_ITAddrCplt), (136 bytes).
    Removing stm32l4xx_hal_i2c.o(i.I2C_ITError), (224 bytes).
    Removing stm32l4xx_hal_i2c.o(i.I2C_ITListenCplt), (96 bytes).
    Removing stm32l4xx_hal_i2c.o(i.I2C_ITMasterCplt), (180 bytes).
    Removing stm32l4xx_hal_i2c.o(i.I2C_ITMasterSequentialCplt), (76 bytes).
    Removing stm32l4xx_hal_i2c.o(i.I2C_ITSlaveCplt), (236 bytes).
    Removing stm32l4xx_hal_i2c.o(i.I2C_ITSlaveSequentialCplt), (84 bytes).
    Removing stm32l4xx_hal_i2c.o(i.I2C_IsAcknowledgeFailed), (132 bytes).
    Removing stm32l4xx_hal_i2c.o(i.I2C_Master_ISR_DMA), (272 bytes).
    Removing stm32l4xx_hal_i2c.o(i.I2C_Master_ISR_IT), (296 bytes).
    Removing stm32l4xx_hal_i2c.o(i.I2C_RequestMemoryRead), (100 bytes).
    Removing stm32l4xx_hal_i2c.o(i.I2C_RequestMemoryWrite), (100 bytes).
    Removing stm32l4xx_hal_i2c.o(i.I2C_Slave_ISR_DMA), (212 bytes).
    Removing stm32l4xx_hal_i2c.o(i.I2C_Slave_ISR_IT), (288 bytes).
    Removing stm32l4xx_hal_i2c.o(i.I2C_TransferConfig), (44 bytes).
    Removing stm32l4xx_hal_i2c.o(i.I2C_WaitOnFlagUntilTimeout), (88 bytes).
    Removing stm32l4xx_hal_i2c.o(i.I2C_WaitOnRXNEFlagUntilTimeout), (132 bytes).
    Removing stm32l4xx_hal_i2c.o(i.I2C_WaitOnSTOPFlagUntilTimeout), (76 bytes).
    Removing stm32l4xx_hal_i2c.o(i.I2C_WaitOnTXISFlagUntilTimeout), (80 bytes).
    Removing stm32l4xx_hal_i2c_ex.o(.rev16_text), (4 bytes).
    Removing stm32l4xx_hal_i2c_ex.o(.revsh_text), (4 bytes).
    Removing stm32l4xx_hal_i2c_ex.o(.rrx_text), (6 bytes).
    Removing stm32l4xx_hal_i2c_ex.o(i.HAL_I2CEx_ConfigAnalogFilter), (86 bytes).
    Removing stm32l4xx_hal_i2c_ex.o(i.HAL_I2CEx_ConfigDigitalFilter), (82 bytes).
    Removing stm32l4xx_hal_i2c_ex.o(i.HAL_I2CEx_DisableFastModePlus), (40 bytes).
    Removing stm32l4xx_hal_i2c_ex.o(i.HAL_I2CEx_DisableWakeUp), (78 bytes).
    Removing stm32l4xx_hal_i2c_ex.o(i.HAL_I2CEx_EnableFastModePlus), (40 bytes).
    Removing stm32l4xx_hal_i2c_ex.o(i.HAL_I2CEx_EnableWakeUp), (78 bytes).
    Removing stm32l4xx_hal_rcc.o(.rev16_text), (4 bytes).
    Removing stm32l4xx_hal_rcc.o(.revsh_text), (4 bytes).
    Removing stm32l4xx_hal_rcc.o(.rrx_text), (6 bytes).
    Removing stm32l4xx_hal_rcc.o(i.HAL_RCC_CSSCallback), (2 bytes).
    Removing stm32l4xx_hal_rcc.o(i.HAL_RCC_DeInit), (224 bytes).
    Removing stm32l4xx_hal_rcc.o(i.HAL_RCC_EnableCSS), (16 bytes).
    Removing stm32l4xx_hal_rcc.o(i.HAL_RCC_GetClockConfig), (64 bytes).
    Removing stm32l4xx_hal_rcc.o(i.HAL_RCC_GetHCLKFreq), (12 bytes).
    Removing stm32l4xx_hal_rcc.o(i.HAL_RCC_GetOscConfig), (224 bytes).
    Removing stm32l4xx_hal_rcc.o(i.HAL_RCC_GetPCLK1Freq), (36 bytes).
    Removing stm32l4xx_hal_rcc.o(i.HAL_RCC_GetPCLK2Freq), (36 bytes).
    Removing stm32l4xx_hal_rcc.o(i.HAL_RCC_MCOConfig), (72 bytes).
    Removing stm32l4xx_hal_rcc.o(i.HAL_RCC_NMI_IRQHandler), (24 bytes).
    Removing stm32l4xx_hal_rcc_ex.o(.rev16_text), (4 bytes).
    Removing stm32l4xx_hal_rcc_ex.o(.revsh_text), (4 bytes).
    Removing stm32l4xx_hal_rcc_ex.o(.rrx_text), (6 bytes).
    Removing stm32l4xx_hal_rcc_ex.o(i.HAL_RCCEx_DisableLSCO), (88 bytes).
    Removing stm32l4xx_hal_rcc_ex.o(i.HAL_RCCEx_DisableLSECSS), (28 bytes).
    Removing stm32l4xx_hal_rcc_ex.o(i.HAL_RCCEx_DisableMSIPLLMode), (16 bytes).
    Removing stm32l4xx_hal_rcc_ex.o(i.HAL_RCCEx_DisablePLLSAI1), (80 bytes).
    Removing stm32l4xx_hal_rcc_ex.o(i.HAL_RCCEx_DisablePLLSAI2), (80 bytes).
    Removing stm32l4xx_hal_rcc_ex.o(i.HAL_RCCEx_EnableLSCO), (140 bytes).
    Removing stm32l4xx_hal_rcc_ex.o(i.HAL_RCCEx_EnableLSECSS), (20 bytes).
    Removing stm32l4xx_hal_rcc_ex.o(i.HAL_RCCEx_EnableLSECSS_IT), (56 bytes).
    Removing stm32l4xx_hal_rcc_ex.o(i.HAL_RCCEx_EnableMSIPLLMode), (16 bytes).
    Removing stm32l4xx_hal_rcc_ex.o(i.HAL_RCCEx_EnablePLLSAI1), (144 bytes).
    Removing stm32l4xx_hal_rcc_ex.o(i.HAL_RCCEx_EnablePLLSAI2), (128 bytes).
    Removing stm32l4xx_hal_rcc_ex.o(i.HAL_RCCEx_GetPeriphCLKConfig), (288 bytes).
    Removing stm32l4xx_hal_rcc_ex.o(i.HAL_RCCEx_GetPeriphCLKFreq), (978 bytes).
    Removing stm32l4xx_hal_rcc_ex.o(i.HAL_RCCEx_LSECSS_Callback), (2 bytes).
    Removing stm32l4xx_hal_rcc_ex.o(i.HAL_RCCEx_LSECSS_IRQHandler), (24 bytes).
    Removing stm32l4xx_hal_rcc_ex.o(i.HAL_RCCEx_PeriphCLKConfig), (942 bytes).
    Removing stm32l4xx_hal_rcc_ex.o(i.HAL_RCCEx_StandbyMSIRangeConfig), (24 bytes).
    Removing stm32l4xx_hal_rcc_ex.o(i.HAL_RCCEx_WakeUpStopCLKConfig), (20 bytes).
    Removing stm32l4xx_hal_rcc_ex.o(i.RCCEx_GetSAIxPeriphCLKFreq), (208 bytes).
    Removing stm32l4xx_hal_rcc_ex.o(i.RCCEx_PLLSAI1_Config), (300 bytes).
    Removing stm32l4xx_hal_rcc_ex.o(i.RCCEx_PLLSAI2_Config), (264 bytes).
    Removing stm32l4xx_hal_flash.o(.rev16_text), (4 bytes).
    Removing stm32l4xx_hal_flash.o(.revsh_text), (4 bytes).
    Removing stm32l4xx_hal_flash.o(.rrx_text), (6 bytes).
    Removing stm32l4xx_hal_flash.o(i.FLASH_Program_DoubleWord), (24 bytes).
    Removing stm32l4xx_hal_flash.o(i.FLASH_Program_Fast), (36 bytes).
    Removing stm32l4xx_hal_flash.o(i.FLASH_WaitForLastOperation), (116 bytes).
    Removing stm32l4xx_hal_flash.o(i.HAL_FLASH_EndOfOperationCallback), (2 bytes).
    Removing stm32l4xx_hal_flash.o(i.HAL_FLASH_GetError), (12 bytes).
    Removing stm32l4xx_hal_flash.o(i.HAL_FLASH_IRQHandler), (260 bytes).
    Removing stm32l4xx_hal_flash.o(i.HAL_FLASH_Lock), (20 bytes).
    Removing stm32l4xx_hal_flash.o(i.HAL_FLASH_OB_Launch), (24 bytes).
    Removing stm32l4xx_hal_flash.o(i.HAL_FLASH_OB_Lock), (20 bytes).
    Removing stm32l4xx_hal_flash.o(i.HAL_FLASH_OB_Unlock), (36 bytes).
    Removing stm32l4xx_hal_flash.o(i.HAL_FLASH_OperationErrorCallback), (2 bytes).
    Removing stm32l4xx_hal_flash.o(i.HAL_FLASH_Program), (170 bytes).
    Removing stm32l4xx_hal_flash.o(i.HAL_FLASH_Program_IT), (120 bytes).
    Removing stm32l4xx_hal_flash.o(i.HAL_FLASH_Unlock), (40 bytes).
    Removing stm32l4xx_hal_flash.o(.data), (32 bytes).
    Removing stm32l4xx_hal_flash_ex.o(.rev16_text), (4 bytes).
    Removing stm32l4xx_hal_flash_ex.o(.revsh_text), (4 bytes).
    Removing stm32l4xx_hal_flash_ex.o(.rrx_text), (6 bytes).
    Removing stm32l4xx_hal_flash_ex.o(i.FLASH_FlushCaches), (84 bytes).
    Removing stm32l4xx_hal_flash_ex.o(i.FLASH_MassErase), (40 bytes).
    Removing stm32l4xx_hal_flash_ex.o(i.FLASH_OB_GetPCROP), (140 bytes).
    Removing stm32l4xx_hal_flash_ex.o(i.FLASH_OB_PCROPConfig), (200 bytes).
    Removing stm32l4xx_hal_flash_ex.o(i.FLASH_OB_UserConfig), (248 bytes).
    Removing stm32l4xx_hal_flash_ex.o(i.FLASH_OB_WRPConfig), (124 bytes).
    Removing stm32l4xx_hal_flash_ex.o(i.FLASH_PageErase), (52 bytes).
    Removing stm32l4xx_hal_flash_ex.o(i.HAL_FLASHEx_Erase), (234 bytes).
    Removing stm32l4xx_hal_flash_ex.o(i.HAL_FLASHEx_Erase_IT), (148 bytes).
    Removing stm32l4xx_hal_flash_ex.o(i.HAL_FLASHEx_OBGetConfig), (152 bytes).
    Removing stm32l4xx_hal_flash_ex.o(i.HAL_FLASHEx_OBProgram), (172 bytes).
    Removing stm32l4xx_hal_flash_ramfunc.o(.rev16_text), (4 bytes).
    Removing stm32l4xx_hal_flash_ramfunc.o(.revsh_text), (4 bytes).
    Removing stm32l4xx_hal_flash_ramfunc.o(.rrx_text), (6 bytes).
    Removing stm32l4xx_hal_flash_ramfunc.o(i.HAL_FLASHEx_DisableRunPowerDown), (36 bytes).
    Removing stm32l4xx_hal_flash_ramfunc.o(i.HAL_FLASHEx_EnableRunPowerDown), (36 bytes).
    Removing stm32l4xx_hal_gpio.o(.rev16_text), (4 bytes).
    Removing stm32l4xx_hal_gpio.o(.revsh_text), (4 bytes).
    Removing stm32l4xx_hal_gpio.o(.rrx_text), (6 bytes).
    Removing stm32l4xx_hal_gpio.o(i.HAL_GPIO_DeInit), (338 bytes).
    Removing stm32l4xx_hal_gpio.o(i.HAL_GPIO_EXTI_Callback), (2 bytes).
    Removing stm32l4xx_hal_gpio.o(i.HAL_GPIO_EXTI_IRQHandler), (24 bytes).
    Removing stm32l4xx_hal_gpio.o(i.HAL_GPIO_LockPin), (34 bytes).
    Removing stm32l4xx_hal_gpio.o(i.HAL_GPIO_TogglePin), (8 bytes).
    Removing stm32l4xx_hal_dma.o(.rev16_text), (4 bytes).
    Removing stm32l4xx_hal_dma.o(.revsh_text), (4 bytes).
    Removing stm32l4xx_hal_dma.o(.rrx_text), (6 bytes).
    Removing stm32l4xx_hal_dma.o(i.DMA_SetConfig), (46 bytes).
    Removing stm32l4xx_hal_dma.o(i.HAL_DMA_Abort), (58 bytes).
    Removing stm32l4xx_hal_dma.o(i.HAL_DMA_Abort_IT), (78 bytes).
    Removing stm32l4xx_hal_dma.o(i.HAL_DMA_DeInit), (156 bytes).
    Removing stm32l4xx_hal_dma.o(i.HAL_DMA_GetError), (4 bytes).
    Removing stm32l4xx_hal_dma.o(i.HAL_DMA_GetState), (6 bytes).
    Removing stm32l4xx_hal_dma.o(i.HAL_DMA_IRQHandler), (186 bytes).
    Removing stm32l4xx_hal_dma.o(i.HAL_DMA_Init), (192 bytes).
    Removing stm32l4xx_hal_dma.o(i.HAL_DMA_PollForTransfer), (222 bytes).
    Removing stm32l4xx_hal_dma.o(i.HAL_DMA_RegisterCallback), (74 bytes).
    Removing stm32l4xx_hal_dma.o(i.HAL_DMA_Start), (80 bytes).
    Removing stm32l4xx_hal_dma.o(i.HAL_DMA_Start_IT), (112 bytes).
    Removing stm32l4xx_hal_dma.o(i.HAL_DMA_UnRegisterCallback), (82 bytes).
    Removing stm32l4xx_hal_dma_ex.o(.rev16_text), (4 bytes).
    Removing stm32l4xx_hal_dma_ex.o(.revsh_text), (4 bytes).
    Removing stm32l4xx_hal_dma_ex.o(.rrx_text), (6 bytes).
    Removing stm32l4xx_hal_pwr.o(.rev16_text), (4 bytes).
    Removing stm32l4xx_hal_pwr.o(.revsh_text), (4 bytes).
    Removing stm32l4xx_hal_pwr.o(.rrx_text), (6 bytes).
    Removing stm32l4xx_hal_pwr.o(i.HAL_PWR_ConfigPVD), (128 bytes).
    Removing stm32l4xx_hal_pwr.o(i.HAL_PWR_DeInit), (24 bytes).
    Removing stm32l4xx_hal_pwr.o(i.HAL_PWR_DisableBkUpAccess), (16 bytes).
    Removing stm32l4xx_hal_pwr.o(i.HAL_PWR_DisablePVD), (16 bytes).
    Removing stm32l4xx_hal_pwr.o(i.HAL_PWR_DisableSEVOnPend), (16 bytes).
    Removing stm32l4xx_hal_pwr.o(i.HAL_PWR_DisableSleepOnExit), (16 bytes).
    Removing stm32l4xx_hal_pwr.o(i.HAL_PWR_DisableWakeUpPin), (20 bytes).
    Removing stm32l4xx_hal_pwr.o(i.HAL_PWR_EnableBkUpAccess), (16 bytes).
    Removing stm32l4xx_hal_pwr.o(i.HAL_PWR_EnablePVD), (16 bytes).
    Removing stm32l4xx_hal_pwr.o(i.HAL_PWR_EnableSEVOnPend), (16 bytes).
    Removing stm32l4xx_hal_pwr.o(i.HAL_PWR_EnableSleepOnExit), (16 bytes).
    Removing stm32l4xx_hal_pwr.o(i.HAL_PWR_EnableWakeUpPin), (28 bytes).
    Removing stm32l4xx_hal_pwr.o(i.HAL_PWR_EnterSLEEPMode), (72 bytes).
    Removing stm32l4xx_hal_pwr.o(i.HAL_PWR_EnterSTANDBYMode), (36 bytes).
    Removing stm32l4xx_hal_pwr.o(i.HAL_PWR_EnterSTOPMode), (16 bytes).
    Removing stm32l4xx_hal_pwr.o(i.HAL_PWR_PVDCallback), (2 bytes).
    Removing stm32l4xx_hal_pwr_ex.o(.rev16_text), (4 bytes).
    Removing stm32l4xx_hal_pwr_ex.o(.revsh_text), (4 bytes).
    Removing stm32l4xx_hal_pwr_ex.o(.rrx_text), (6 bytes).
    Removing stm32l4xx_hal_pwr_ex.o(i.HAL_PWREx_ConfigPVM), (400 bytes).
    Removing stm32l4xx_hal_pwr_ex.o(i.HAL_PWREx_DisableBatteryCharging), (16 bytes).
    Removing stm32l4xx_hal_pwr_ex.o(i.HAL_PWREx_DisableGPIOPullDown), (108 bytes).
    Removing stm32l4xx_hal_pwr_ex.o(i.HAL_PWREx_DisableGPIOPullUp), (104 bytes).
    Removing stm32l4xx_hal_pwr_ex.o(i.HAL_PWREx_DisableInternalWakeUpLine), (16 bytes).
    Removing stm32l4xx_hal_pwr_ex.o(i.HAL_PWREx_DisableLowPowerRunMode), (68 bytes).
    Removing stm32l4xx_hal_pwr_ex.o(i.HAL_PWREx_DisablePVM1), (16 bytes).
    Removing stm32l4xx_hal_pwr_ex.o(i.HAL_PWREx_DisablePVM2), (16 bytes).
    Removing stm32l4xx_hal_pwr_ex.o(i.HAL_PWREx_DisablePVM3), (16 bytes).
    Removing stm32l4xx_hal_pwr_ex.o(i.HAL_PWREx_DisablePVM4), (16 bytes).
    Removing stm32l4xx_hal_pwr_ex.o(i.HAL_PWREx_DisablePullUpPullDownConfig), (16 bytes).
    Removing stm32l4xx_hal_pwr_ex.o(i.HAL_PWREx_DisableSRAM2ContentRetention), (16 bytes).
    Removing stm32l4xx_hal_pwr_ex.o(i.HAL_PWREx_DisableVddIO2), (16 bytes).
    Removing stm32l4xx_hal_pwr_ex.o(i.HAL_PWREx_DisableVddUSB), (16 bytes).
    Removing stm32l4xx_hal_pwr_ex.o(i.HAL_PWREx_EnableBatteryCharging), (28 bytes).
    Removing stm32l4xx_hal_pwr_ex.o(i.HAL_PWREx_EnableGPIOPullDown), (160 bytes).
    Removing stm32l4xx_hal_pwr_ex.o(i.HAL_PWREx_EnableGPIOPullUp), (160 bytes).
    Removing stm32l4xx_hal_pwr_ex.o(i.HAL_PWREx_EnableInternalWakeUpLine), (16 bytes).
    Removing stm32l4xx_hal_pwr_ex.o(i.HAL_PWREx_EnableLowPowerRunMode), (16 bytes).
    Removing stm32l4xx_hal_pwr_ex.o(i.HAL_PWREx_EnablePVM1), (16 bytes).
    Removing stm32l4xx_hal_pwr_ex.o(i.HAL_PWREx_EnablePVM2), (16 bytes).
    Removing stm32l4xx_hal_pwr_ex.o(i.HAL_PWREx_EnablePVM3), (16 bytes).
    Removing stm32l4xx_hal_pwr_ex.o(i.HAL_PWREx_EnablePVM4), (16 bytes).
    Removing stm32l4xx_hal_pwr_ex.o(i.HAL_PWREx_EnablePullUpPullDownConfig), (16 bytes).
    Removing stm32l4xx_hal_pwr_ex.o(i.HAL_PWREx_EnableSRAM2ContentRetention), (16 bytes).
    Removing stm32l4xx_hal_pwr_ex.o(i.HAL_PWREx_EnableVddIO2), (16 bytes).
    Removing stm32l4xx_hal_pwr_ex.o(i.HAL_PWREx_EnableVddUSB), (16 bytes).
    Removing stm32l4xx_hal_pwr_ex.o(i.HAL_PWREx_EnterSHUTDOWNMode), (36 bytes).
    Removing stm32l4xx_hal_pwr_ex.o(i.HAL_PWREx_EnterSTOP0Mode), (52 bytes).
    Removing stm32l4xx_hal_pwr_ex.o(i.HAL_PWREx_EnterSTOP1Mode), (56 bytes).
    Removing stm32l4xx_hal_pwr_ex.o(i.HAL_PWREx_EnterSTOP2Mode), (56 bytes).
    Removing stm32l4xx_hal_pwr_ex.o(i.HAL_PWREx_PVD_PVM_IRQHandler), (88 bytes).
    Removing stm32l4xx_hal_pwr_ex.o(i.HAL_PWREx_PVM1Callback), (2 bytes).
    Removing stm32l4xx_hal_pwr_ex.o(i.HAL_PWREx_PVM2Callback), (2 bytes).
    Removing stm32l4xx_hal_pwr_ex.o(i.HAL_PWREx_PVM3Callback), (2 bytes).
    Removing stm32l4xx_hal_pwr_ex.o(i.HAL_PWREx_PVM4Callback), (2 bytes).
    Removing stm32l4xx_hal_cortex.o(.rev16_text), (4 bytes).
    Removing stm32l4xx_hal_cortex.o(.revsh_text), (4 bytes).
    Removing stm32l4xx_hal_cortex.o(.rrx_text), (6 bytes).
    Removing stm32l4xx_hal_cortex.o(i.HAL_MPU_ConfigRegion), (84 bytes).
    Removing stm32l4xx_hal_cortex.o(i.HAL_MPU_Disable), (28 bytes).
    Removing stm32l4xx_hal_cortex.o(i.HAL_MPU_Enable), (36 bytes).
    Removing stm32l4xx_hal_cortex.o(i.HAL_NVIC_ClearPendingIRQ), (22 bytes).
    Removing stm32l4xx_hal_cortex.o(i.HAL_NVIC_DisableIRQ), (22 bytes).
    Removing stm32l4xx_hal_cortex.o(i.HAL_NVIC_EnableIRQ), (22 bytes).
    Removing stm32l4xx_hal_cortex.o(i.HAL_NVIC_GetActive), (32 bytes).
    Removing stm32l4xx_hal_cortex.o(i.HAL_NVIC_GetPendingIRQ), (32 bytes).
    Removing stm32l4xx_hal_cortex.o(i.HAL_NVIC_GetPriority), (82 bytes).
    Removing stm32l4xx_hal_cortex.o(i.HAL_NVIC_GetPriorityGrouping), (16 bytes).
    Removing stm32l4xx_hal_cortex.o(i.HAL_NVIC_SetPendingIRQ), (22 bytes).
    Removing stm32l4xx_hal_cortex.o(i.HAL_NVIC_SystemReset), (36 bytes).
    Removing stm32l4xx_hal_cortex.o(i.HAL_SYSTICK_CLKSourceConfig), (24 bytes).
    Removing stm32l4xx_hal_cortex.o(i.HAL_SYSTICK_Callback), (2 bytes).
    Removing stm32l4xx_hal_cortex.o(i.HAL_SYSTICK_IRQHandler), (8 bytes).
    Removing system_stm32l4xx.o(.rev16_text), (4 bytes).
    Removing system_stm32l4xx.o(.revsh_text), (4 bytes).
    Removing system_stm32l4xx.o(.rrx_text), (6 bytes).
    Removing system_stm32l4xx.o(.constdata), (8 bytes).
    Removing clock.o(i.rt_system_tick_init), (2 bytes).
    Removing clock.o(i.rt_tick_set), (24 bytes).
    Removing idle.o(i.rt_thread_idle_gethandler), (8 bytes).
    Removing ipc.o(i.rt_event_control), (46 bytes).
    Removing ipc.o(i.rt_event_detach), (20 bytes).
    Removing ipc.o(i.rt_ipc_list_resume_all), (44 bytes).
    Removing irq.o(i.rt_interrupt_get_nest), (12 bytes).
    Removing kservice.o(i._rt_errno), (28 bytes).
    Removing kservice.o(i.rt_get_errno), (28 bytes).
    Removing kservice.o(i.rt_kputs), (12 bytes).
    Removing kservice.o(i.rt_memcmp), (28 bytes).
    Removing kservice.o(i.rt_memcpy), (74 bytes).
    Removing kservice.o(i.rt_memmove), (50 bytes).
    Removing kservice.o(i.rt_set_errno), (32 bytes).
    Removing kservice.o(i.rt_snprintf), (18 bytes).
    Removing kservice.o(i.rt_sprintf), (18 bytes).
    Removing kservice.o(i.rt_strcasecmp), (44 bytes).
    Removing kservice.o(i.rt_strcmp), (24 bytes).
    Removing kservice.o(i.rt_strncmp), (32 bytes).
    Removing kservice.o(i.rt_strnlen), (20 bytes).
    Removing kservice.o(i.rt_strstr), (54 bytes).
    Removing kservice.o(i.rt_vsprintf), (12 bytes).
    Removing kservice.o(.data), (4 bytes).
    Removing object.o(i.rt_object_find), (76 bytes).
    Removing object.o(i.rt_object_get_type), (8 bytes).
    Removing object.o(i.rt_system_object_init), (2 bytes).
    Removing scheduler.o(i.rt_critical_level), (12 bytes).
    Removing thread.o(i.rt_thread_control), (88 bytes).
    Removing thread.o(i.rt_thread_delay), (4 bytes).
    Removing thread.o(i.rt_thread_detach), (72 bytes).
    Removing thread.o(i.rt_thread_find), (84 bytes).
    Removing timer.o(i.rt_timer_next_timeout_tick), (24 bytes).
    Removing cpuport.o(i.rt_hw_cpu_reset), (16 bytes).
    Removing cpuport.o(i.rt_hw_cpu_shutdown), (24 bytes).
    Removing cpuport.o(i.rt_hw_exception_install), (12 bytes).

358 unused section(s) (total 25018 bytes) removed from the image.

==============================================================================

Image Symbol Table

    Local Symbols

    Symbol Name                              Value     Ov Type        Size  Object(Section)

    ../Drivers/STM32L4xx_HAL_Driver/Src/stm32l4xx_hal.c 0x00000000   Number         0  stm32l4xx_hal.o ABSOLUTE
    ../Drivers/STM32L4xx_HAL_Driver/Src/stm32l4xx_hal_cortex.c 0x00000000   Number         0  stm32l4xx_hal_cortex.o ABSOLUTE
    ../Drivers/STM32L4xx_HAL_Driver/Src/stm32l4xx_hal_dma.c 0x00000000   Number         0  stm32l4xx_hal_dma.o ABSOLUTE
    ../Drivers/STM32L4xx_HAL_Driver/Src/stm32l4xx_hal_dma_ex.c 0x00000000   Number         0  stm32l4xx_hal_dma_ex.o ABSOLUTE
    ../Drivers/STM32L4xx_HAL_Driver/Src/stm32l4xx_hal_flash.c 0x00000000   Number         0  stm32l4xx_hal_flash.o ABSOLUTE
    ../Drivers/STM32L4xx_HAL_Driver/Src/stm32l4xx_hal_flash_ex.c 0x00000000   Number         0  stm32l4xx_hal_flash_ex.o ABSOLUTE
    ../Drivers/STM32L4xx_HAL_Driver/Src/stm32l4xx_hal_flash_ramfunc.c 0x00000000   Number         0  stm32l4xx_hal_flash_ramfunc.o ABSOLUTE
    ../Drivers/STM32L4xx_HAL_Driver/Src/stm32l4xx_hal_gpio.c 0x00000000   Number         0  stm32l4xx_hal_gpio.o ABSOLUTE
    ../Drivers/STM32L4xx_HAL_Driver/Src/stm32l4xx_hal_i2c.c 0x00000000   Number         0  stm32l4xx_hal_i2c.o ABSOLUTE
    ../Drivers/STM32L4xx_HAL_Driver/Src/stm32l4xx_hal_i2c_ex.c 0x00000000   Number         0  stm32l4xx_hal_i2c_ex.o ABSOLUTE
    ../Drivers/STM32L4xx_HAL_Driver/Src/stm32l4xx_hal_pwr.c 0x00000000   Number         0  stm32l4xx_hal_pwr.o ABSOLUTE
    ../Drivers/STM32L4xx_HAL_Driver/Src/stm32l4xx_hal_pwr_ex.c 0x00000000   Number         0  stm32l4xx_hal_pwr_ex.o ABSOLUTE
    ../Drivers/STM32L4xx_HAL_Driver/Src/stm32l4xx_hal_rcc.c 0x00000000   Number         0  stm32l4xx_hal_rcc.o ABSOLUTE
    ../Drivers/STM32L4xx_HAL_Driver/Src/stm32l4xx_hal_rcc_ex.c 0x00000000   Number         0  stm32l4xx_hal_rcc_ex.o ABSOLUTE
    ../Drivers/STM32L4xx_HAL_Driver/Src/stm32l4xx_hal_tim.c 0x00000000   Number         0  stm32l4xx_hal_tim.o ABSOLUTE
    ../Drivers/STM32L4xx_HAL_Driver/Src/stm32l4xx_hal_tim_ex.c 0x00000000   Number         0  stm32l4xx_hal_tim_ex.o ABSOLUTE
    ../Middlewares/Third_Party/RT-Thread/bsp/board.c 0x00000000   Number         0  board.o ABSOLUTE
    ../Middlewares/Third_Party/RT-Thread/libcpu/arm/cortex-m4/context_rvds.S 0x00000000   Number         0  context_rvds.o ABSOLUTE
    ../Middlewares/Third_Party/RT-Thread/libcpu/arm/cortex-m4/cpuport.c 0x00000000   Number         0  cpuport.o ABSOLUTE
    ../Middlewares/Third_Party/RT-Thread/src/clock.c 0x00000000   Number         0  clock.o ABSOLUTE
    ../Middlewares/Third_Party/RT-Thread/src/components.c 0x00000000   Number         0  components.o ABSOLUTE
    ../Middlewares/Third_Party/RT-Thread/src/device.c 0x00000000   Number         0  device.o ABSOLUTE
    ../Middlewares/Third_Party/RT-Thread/src/idle.c 0x00000000   Number         0  idle.o ABSOLUTE
    ../Middlewares/Third_Party/RT-Thread/src/ipc.c 0x00000000   Number         0  ipc.o ABSOLUTE
    ../Middlewares/Third_Party/RT-Thread/src/irq.c 0x00000000   Number         0  irq.o ABSOLUTE
    ../Middlewares/Third_Party/RT-Thread/src/kservice.c 0x00000000   Number         0  kservice.o ABSOLUTE
    ../Middlewares/Third_Party/RT-Thread/src/mem.c 0x00000000   Number         0  mem.o ABSOLUTE
    ../Middlewares/Third_Party/RT-Thread/src/object.c 0x00000000   Number         0  object.o ABSOLUTE
    ../Middlewares/Third_Party/RT-Thread/src/scheduler.c 0x00000000   Number         0  scheduler.o ABSOLUTE
    ../Middlewares/Third_Party/RT-Thread/src/thread.c 0x00000000   Number         0  thread.o ABSOLUTE
    ../Middlewares/Third_Party/RT-Thread/src/timer.c 0x00000000   Number         0  timer.o ABSOLUTE
    ../Src/main.c                            0x00000000   Number         0  main.o ABSOLUTE
    ../Src/stm32l4xx_hal_msp.c               0x00000000   Number         0  stm32l4xx_hal_msp.o ABSOLUTE
    ../Src/stm32l4xx_it.c                    0x00000000   Number         0  stm32l4xx_it.o ABSOLUTE
    ../Src/system_stm32l4xx.c                0x00000000   Number         0  system_stm32l4xx.o ABSOLUTE
    ../clib/microlib/init/entry.s            0x00000000   Number         0  entry2.o ABSOLUTE
    ../clib/microlib/init/entry.s            0x00000000   Number         0  entry.o ABSOLUTE
    ../clib/microlib/init/entry.s            0x00000000   Number         0  entry5.o ABSOLUTE
    ../clib/microlib/init/entry.s            0x00000000   Number         0  entry7a.o ABSOLUTE
    ../clib/microlib/init/entry.s            0x00000000   Number         0  entry8b.o ABSOLUTE
    ../clib/microlib/init/entry.s            0x00000000   Number         0  entry7b.o ABSOLUTE
    ../clib/microlib/init/entry.s            0x00000000   Number         0  entry8a.o ABSOLUTE
    ../clib/microlib/init/entry.s            0x00000000   Number         0  entry11b.o ABSOLUTE
    ../clib/microlib/init/entry.s            0x00000000   Number         0  entry9a.o ABSOLUTE
    ../clib/microlib/init/entry.s            0x00000000   Number         0  entry9b.o ABSOLUTE
    ../clib/microlib/init/entry.s            0x00000000   Number         0  entry10a.o ABSOLUTE
    ../clib/microlib/init/entry.s            0x00000000   Number         0  entry10b.o ABSOLUTE
    ../clib/microlib/init/entry.s            0x00000000   Number         0  entry11a.o ABSOLUTE
    ../clib/microlib/string/memset.c         0x00000000   Number         0  memseta.o ABSOLUTE
    ..\Drivers\STM32L4xx_HAL_Driver\Src\stm32l4xx_hal.c 0x00000000   Number         0  stm32l4xx_hal.o ABSOLUTE
    ..\Drivers\STM32L4xx_HAL_Driver\Src\stm32l4xx_hal_cortex.c 0x00000000   Number         0  stm32l4xx_hal_cortex.o ABSOLUTE
    ..\Drivers\STM32L4xx_HAL_Driver\Src\stm32l4xx_hal_dma.c 0x00000000   Number         0  stm32l4xx_hal_dma.o ABSOLUTE
    ..\Drivers\STM32L4xx_HAL_Driver\Src\stm32l4xx_hal_dma_ex.c 0x00000000   Number         0  stm32l4xx_hal_dma_ex.o ABSOLUTE
    ..\Drivers\STM32L4xx_HAL_Driver\Src\stm32l4xx_hal_flash.c 0x00000000   Number         0  stm32l4xx_hal_flash.o ABSOLUTE
    ..\Drivers\STM32L4xx_HAL_Driver\Src\stm32l4xx_hal_flash_ex.c 0x00000000   Number         0  stm32l4xx_hal_flash_ex.o ABSOLUTE
    ..\Drivers\STM32L4xx_HAL_Driver\Src\stm32l4xx_hal_flash_ramfunc.c 0x00000000   Number         0  stm32l4xx_hal_flash_ramfunc.o ABSOLUTE
    ..\Drivers\STM32L4xx_HAL_Driver\Src\stm32l4xx_hal_gpio.c 0x00000000   Number         0  stm32l4xx_hal_gpio.o ABSOLUTE
    ..\Drivers\STM32L4xx_HAL_Driver\Src\stm32l4xx_hal_i2c.c 0x00000000   Number         0  stm32l4xx_hal_i2c.o ABSOLUTE
    ..\Drivers\STM32L4xx_HAL_Driver\Src\stm32l4xx_hal_i2c_ex.c 0x00000000   Number         0  stm32l4xx_hal_i2c_ex.o ABSOLUTE
    ..\Drivers\STM32L4xx_HAL_Driver\Src\stm32l4xx_hal_pwr.c 0x00000000   Number         0  stm32l4xx_hal_pwr.o ABSOLUTE
    ..\Drivers\STM32L4xx_HAL_Driver\Src\stm32l4xx_hal_pwr_ex.c 0x00000000   Number         0  stm32l4xx_hal_pwr_ex.o ABSOLUTE
    ..\Drivers\STM32L4xx_HAL_Driver\Src\stm32l4xx_hal_rcc.c 0x00000000   Number         0  stm32l4xx_hal_rcc.o ABSOLUTE
    ..\Drivers\STM32L4xx_HAL_Driver\Src\stm32l4xx_hal_rcc_ex.c 0x00000000   Number         0  stm32l4xx_hal_rcc_ex.o ABSOLUTE
    ..\Drivers\STM32L4xx_HAL_Driver\Src\stm32l4xx_hal_tim.c 0x00000000   Number         0  stm32l4xx_hal_tim.o ABSOLUTE
    ..\Drivers\STM32L4xx_HAL_Driver\Src\stm32l4xx_hal_tim_ex.c 0x00000000   Number         0  stm32l4xx_hal_tim_ex.o ABSOLUTE
    ..\Src\main.c                            0x00000000   Number         0  main.o ABSOLUTE
    ..\Src\stm32l4xx_hal_msp.c               0x00000000   Number         0  stm32l4xx_hal_msp.o ABSOLUTE
    ..\Src\stm32l4xx_it.c                    0x00000000   Number         0  stm32l4xx_it.o ABSOLUTE
    ..\Src\system_stm32l4xx.c                0x00000000   Number         0  system_stm32l4xx.o ABSOLUTE
    ..\Src\thread_test.c                     0x00000000   Number         0  thread_test.o ABSOLUTE
    ..\\Src\\thread_test.c                   0x00000000   Number         0  thread_test.o ABSOLUTE
    dc.s                                     0x00000000   Number         0  dc.o ABSOLUTE
    handlers.s                               0x00000000   Number         0  handlers.o ABSOLUTE
    init.s                                   0x00000000   Number         0  init.o ABSOLUTE
    startup_stm32l475xx.s                    0x00000000   Number         0  startup_stm32l475xx.o ABSOLUTE
    RESET                                    0x08000000   Section      392  startup_stm32l475xx.o(RESET)
    .ARM.Collect$$$$00000000                 0x08000188   Section        0  entry.o(.ARM.Collect$$$$00000000)
    .ARM.Collect$$$$00000001                 0x08000188   Section        4  entry2.o(.ARM.Collect$$$$00000001)
    .ARM.Collect$$$$00000004                 0x0800018c   Section        4  entry5.o(.ARM.Collect$$$$00000004)
    .ARM.Collect$$$$00000008                 0x08000190   Section        0  entry7b.o(.ARM.Collect$$$$00000008)
    .ARM.Collect$$$$0000000A                 0x08000190   Section        0  entry8b.o(.ARM.Collect$$$$0000000A)
    .ARM.Collect$$$$0000000B                 0x08000190   Section        8  entry9a.o(.ARM.Collect$$$$0000000B)
    .ARM.Collect$$$$0000000D                 0x08000198   Section        0  entry10a.o(.ARM.Collect$$$$0000000D)
    .ARM.Collect$$$$0000000F                 0x08000198   Section        0  entry11a.o(.ARM.Collect$$$$0000000F)
    .ARM.Collect$$$$00002712                 0x08000198   Section        4  entry2.o(.ARM.Collect$$$$00002712)
    __lit__00000000                          0x08000198   Data           4  entry2.o(.ARM.Collect$$$$00002712)
    .text                                    0x0800019c   Section       36  startup_stm32l475xx.o(.text)
    $v0                                      0x0800019c   Number         0  startup_stm32l475xx.o(.text)
    .text                                    0x080001c0   Section      308  context_rvds.o(.text)
    $v0                                      0x080001c0   Number         0  context_rvds.o(.text)
    .text                                    0x08000300   Section        0  memseta.o(.text)
    .text                                    0x08000324   Section       36  init.o(.text)
    i.$Sub$$main                             0x08000348   Section        0  components.o(i.$Sub$$main)
    i.BusFault_Handler                       0x08000356   Section        0  stm32l4xx_it.o(i.BusFault_Handler)
    i.DebugMon_Handler                       0x08000358   Section        0  stm32l4xx_it.o(i.DebugMon_Handler)
    i.HAL_GPIO_Init                          0x0800035c   Section        0  stm32l4xx_hal_gpio.o(i.HAL_GPIO_Init)
    i.HAL_GPIO_ReadPin                       0x08000526   Section        0  stm32l4xx_hal_gpio.o(i.HAL_GPIO_ReadPin)
    i.HAL_GPIO_WritePin                      0x08000530   Section        0  stm32l4xx_hal_gpio.o(i.HAL_GPIO_WritePin)
    i.HAL_GetTick                            0x0800053c   Section        0  stm32l4xx_hal.o(i.HAL_GetTick)
    i.HAL_Init                               0x08000548   Section        0  stm32l4xx_hal.o(i.HAL_Init)
    i.HAL_InitTick                           0x08000568   Section        0  stm32l4xx_hal.o(i.HAL_InitTick)
    i.HAL_MspInit                            0x08000598   Section        0  stm32l4xx_hal_msp.o(i.HAL_MspInit)
    i.HAL_NVIC_SetPriority                   0x080005c4   Section        0  stm32l4xx_hal_cortex.o(i.HAL_NVIC_SetPriority)
    i.HAL_NVIC_SetPriorityGrouping           0x08000604   Section        0  stm32l4xx_hal_cortex.o(i.HAL_NVIC_SetPriorityGrouping)
    i.HAL_PWREx_ControlVoltageScaling        0x08000628   Section        0  stm32l4xx_hal_pwr_ex.o(i.HAL_PWREx_ControlVoltageScaling)
    i.HAL_PWREx_GetVoltageRange              0x08000690   Section        0  stm32l4xx_hal_pwr_ex.o(i.HAL_PWREx_GetVoltageRange)
    i.HAL_RCC_ClockConfig                    0x080006a0   Section        0  stm32l4xx_hal_rcc.o(i.HAL_RCC_ClockConfig)
    i.HAL_RCC_GetSysClockFreq                0x080007b8   Section        0  stm32l4xx_hal_rcc.o(i.HAL_RCC_GetSysClockFreq)
    i.HAL_RCC_OscConfig                      0x0800085c   Section        0  stm32l4xx_hal_rcc.o(i.HAL_RCC_OscConfig)
    i.HAL_SYSTICK_Config                     0x08000cc0   Section        0  stm32l4xx_hal_cortex.o(i.HAL_SYSTICK_Config)
    i.MX_GPIO_Init                           0x08000ce8   Section        0  main.o(i.MX_GPIO_Init)
    MX_GPIO_Init                             0x08000ce9   Thumb Code   104  main.o(i.MX_GPIO_Init)
    i.MX_rtthread_Process                    0x08000d5c   Section        0  thread_test.o(i.MX_rtthread_Process)
    i.MemManage_Handler                      0x08000e48   Section        0  stm32l4xx_it.o(i.MemManage_Handler)
    i.NMI_Handler                            0x08000e4a   Section        0  stm32l4xx_it.o(i.NMI_Handler)
    i.NVIC_SetPriority                       0x08000e4c   Section        0  stm32l4xx_hal_cortex.o(i.NVIC_SetPriority)
    NVIC_SetPriority                         0x08000e4d   Thumb Code    32  stm32l4xx_hal_cortex.o(i.NVIC_SetPriority)
    i.RCC_SetFlashLatencyFromMSIRange        0x08000e6c   Section        0  stm32l4xx_hal_rcc.o(i.RCC_SetFlashLatencyFromMSIRange)
    RCC_SetFlashLatencyFromMSIRange          0x08000e6d   Thumb Code   116  stm32l4xx_hal_rcc.o(i.RCC_SetFlashLatencyFromMSIRange)
    i.SVC_Handler                            0x08000ee8   Section        0  stm32l4xx_it.o(i.SVC_Handler)
    i.SysTick_Handler                        0x08000eea   Section        0  board.o(i.SysTick_Handler)
    i.SystemClock_Config                     0x08000efc   Section        0  main.o(i.SystemClock_Config)
    i.SystemCoreClockUpdate                  0x08000f48   Section        0  system_stm32l4xx.o(i.SystemCoreClockUpdate)
    i.SystemInit                             0x08000ff0   Section        0  system_stm32l4xx.o(i.SystemInit)
    i.UsageFault_Handler                     0x08001034   Section        0  stm32l4xx_it.o(i.UsageFault_Handler)
    i.__rt_ffs                               0x08001038   Section        0  kservice.o(i.__rt_ffs)
    i.__scatterload_copy                     0x0800107c   Section       14  handlers.o(i.__scatterload_copy)
    i.__scatterload_null                     0x0800108a   Section        2  handlers.o(i.__scatterload_null)
    i.__scatterload_zeroinit                 0x0800108c   Section       14  handlers.o(i.__scatterload_zeroinit)
    i._has_defunct_thread                    0x0800109c   Section        0  idle.o(i._has_defunct_thread)
    _has_defunct_thread                      0x0800109d   Thumb Code    16  idle.o(i._has_defunct_thread)
    i._rt_thread_init                        0x080010b0   Section        0  thread.o(i._rt_thread_init)
    _rt_thread_init                          0x080010b1   Thumb Code   108  thread.o(i._rt_thread_init)
    i._rt_timer_remove                       0x08001124   Section        0  timer.o(i._rt_timer_remove)
    _rt_timer_remove                         0x08001125   Thumb Code    18  timer.o(i._rt_timer_remove)
    i.key_thread_entry                       0x08001138   Section        0  thread_test.o(i.key_thread_entry)
    key_thread_entry                         0x08001139   Thumb Code    70  thread_test.o(i.key_thread_entry)
    i.led_thread1_entry                      0x0800118c   Section        0  thread_test.o(i.led_thread1_entry)
    led_thread1_entry                        0x0800118d   Thumb Code    56  thread_test.o(i.led_thread1_entry)
    i.led_thread2_entry                      0x080011d0   Section        0  thread_test.o(i.led_thread2_entry)
    led_thread2_entry                        0x080011d1   Thumb Code    60  thread_test.o(i.led_thread2_entry)
    i.led_thread3_entry                      0x08001218   Section        0  thread_test.o(i.led_thread3_entry)
    led_thread3_entry                        0x08001219   Thumb Code    60  thread_test.o(i.led_thread3_entry)
    i.main                                   0x08001260   Section        0  main.o(i.main)
    i.main_thread_entry                      0x08001276   Section        0  components.o(i.main_thread_entry)
    i.print_number                           0x08001284   Section        0  kservice.o(i.print_number)
    print_number                             0x08001285   Thumb Code   294  kservice.o(i.print_number)
    i.rt_application_init                    0x080013b8   Section        0  components.o(i.rt_application_init)
    i.rt_components_board_init               0x080013f4   Section        0  components.o(i.rt_components_board_init)
    i.rt_components_init                     0x08001410   Section        0  components.o(i.rt_components_init)
    i.rt_enter_critical                      0x0800142c   Section        0  scheduler.o(i.rt_enter_critical)
    i.rt_event_init                          0x08001448   Section        0  ipc.o(i.rt_event_init)
    i.rt_event_recv                          0x08001466   Section        0  ipc.o(i.rt_event_recv)
    i.rt_event_send                          0x08001560   Section        0  ipc.o(i.rt_event_send)
    i.rt_exit_critical                       0x080015e8   Section        0  scheduler.o(i.rt_exit_critical)
    i.rt_hw_board_init                       0x08001618   Section        0  board.o(i.rt_hw_board_init)
    i.rt_hw_console_output                   0x08001654   Section        0  kservice.o(i.rt_hw_console_output)
    i.rt_hw_hard_fault_exception             0x08001658   Section        0  cpuport.o(i.rt_hw_hard_fault_exception)
    i.rt_hw_stack_init                       0x08001868   Section        0  cpuport.o(i.rt_hw_stack_init)
    i.rt_interrupt_enter                     0x080018a4   Section        0  irq.o(i.rt_interrupt_enter)
    i.rt_interrupt_leave                     0x080018c0   Section        0  irq.o(i.rt_interrupt_leave)
    i.rt_kprintf                             0x080018dc   Section        0  kservice.o(i.rt_kprintf)
    i.rt_list_insert_after                   0x080018fc   Section        0  thread.o(i.rt_list_insert_after)
    rt_list_insert_after                     0x080018fd   Thumb Code    14  thread.o(i.rt_list_insert_after)
    i.rt_list_insert_after                   0x0800190a   Section        0  timer.o(i.rt_list_insert_after)
    rt_list_insert_after                     0x0800190b   Thumb Code    14  timer.o(i.rt_list_insert_after)
    i.rt_list_insert_before                  0x08001918   Section        0  ipc.o(i.rt_list_insert_before)
    rt_list_insert_before                    0x08001919   Thumb Code    14  ipc.o(i.rt_list_insert_before)
    i.rt_list_remove                         0x08001926   Section        0  thread.o(i.rt_list_remove)
    rt_list_remove                           0x08001927   Thumb Code    18  thread.o(i.rt_list_remove)
    i.rt_memset                              0x08001938   Section        0  kservice.o(i.rt_memset)
    i.rt_object_detach                       0x0800197e   Section        0  object.o(i.rt_object_detach)
    i.rt_object_get_information              0x080019a4   Section        0  object.o(i.rt_object_get_information)
    i.rt_object_init                         0x080019c8   Section        0  object.o(i.rt_object_init)
    i.rt_object_is_systemobject              0x08001a06   Section        0  object.o(i.rt_object_is_systemobject)
    i.rt_schedule                            0x08001a14   Section        0  scheduler.o(i.rt_schedule)
    i.rt_schedule_insert_thread              0x08001a6c   Section        0  scheduler.o(i.rt_schedule_insert_thread)
    i.rt_schedule_remove_thread              0x08001abc   Section        0  scheduler.o(i.rt_schedule_remove_thread)
    i.rt_show_version                        0x08001b04   Section        0  kservice.o(i.rt_show_version)
    i.rt_strlen                              0x08001bb4   Section        0  kservice.o(i.rt_strlen)
    i.rt_strncpy                             0x08001bc4   Section        0  kservice.o(i.rt_strncpy)
    i.rt_system_scheduler_init               0x08001bec   Section        0  scheduler.o(i.rt_system_scheduler_init)
    i.rt_system_scheduler_start              0x08001c20   Section        0  scheduler.o(i.rt_system_scheduler_start)
    i.rt_system_timer_init                   0x08001c48   Section        0  timer.o(i.rt_system_timer_init)
    i.rt_system_timer_thread_init            0x08001c54   Section        0  timer.o(i.rt_system_timer_thread_init)
    i.rt_thread_exit                         0x08001c58   Section        0  thread.o(i.rt_thread_exit)
    i.rt_thread_idle_entry                   0x08001cb0   Section        0  idle.o(i.rt_thread_idle_entry)
    rt_thread_idle_entry                     0x08001cb1   Thumb Code     6  idle.o(i.rt_thread_idle_entry)
    i.rt_thread_idle_excute                  0x08001cb8   Section        0  idle.o(i.rt_thread_idle_excute)
    i.rt_thread_idle_init                    0x08001d1c   Section        0  idle.o(i.rt_thread_idle_init)
    i.rt_thread_init                         0x08001d54   Section        0  thread.o(i.rt_thread_init)
    i.rt_thread_mdelay                       0x08001d8a   Section        0  thread.o(i.rt_thread_mdelay)
    i.rt_thread_resume                       0x08001d98   Section        0  thread.o(i.rt_thread_resume)
    i.rt_thread_self                         0x08001dd4   Section        0  thread.o(i.rt_thread_self)
    i.rt_thread_sleep                        0x08001de0   Section        0  thread.o(i.rt_thread_sleep)
    i.rt_thread_startup                      0x08001e20   Section        0  thread.o(i.rt_thread_startup)
    i.rt_thread_suspend                      0x08001e4c   Section        0  thread.o(i.rt_thread_suspend)
    i.rt_thread_timeout                      0x08001e8e   Section        0  thread.o(i.rt_thread_timeout)
    i.rt_thread_yield                        0x08001eb0   Section        0  thread.o(i.rt_thread_yield)
    i.rt_tick_from_millisecond               0x08001f10   Section        0  clock.o(i.rt_tick_from_millisecond)
    i.rt_tick_get                            0x08001f34   Section        0  clock.o(i.rt_tick_get)
    i.rt_tick_increase                       0x08001f40   Section        0  clock.o(i.rt_tick_increase)
    i.rt_timer_check                         0x08001f6c   Section        0  timer.o(i.rt_timer_check)
    i.rt_timer_control                       0x08001fd4   Section        0  timer.o(i.rt_timer_control)
    i.rt_timer_detach                        0x08002004   Section        0  timer.o(i.rt_timer_detach)
    i.rt_timer_init                          0x08002024   Section        0  timer.o(i.rt_timer_init)
    i.rt_timer_start                         0x08002054   Section        0  timer.o(i.rt_timer_start)
    i.rt_timer_stop                          0x080020e0   Section        0  timer.o(i.rt_timer_stop)
    i.rt_vsnprintf                           0x08002110   Section        0  kservice.o(i.rt_vsnprintf)
    i.rti_board_end                          0x0800238a   Section        0  components.o(i.rti_board_end)
    rti_board_end                            0x0800238b   Thumb Code     4  components.o(i.rti_board_end)
    i.rti_board_start                        0x0800238e   Section        0  components.o(i.rti_board_start)
    rti_board_start                          0x0800238f   Thumb Code     4  components.o(i.rti_board_start)
    i.rti_end                                0x08002392   Section        0  components.o(i.rti_end)
    rti_end                                  0x08002393   Thumb Code     4  components.o(i.rti_end)
    i.rti_start                              0x08002396   Section        0  components.o(i.rti_start)
    rti_start                                0x08002397   Thumb Code     4  components.o(i.rti_start)
    i.rtthread_startup                       0x0800239a   Section        0  components.o(i.rtthread_startup)
    i.skip_atoi                              0x080023c4   Section        0  kservice.o(i.skip_atoi)
    skip_atoi                                0x080023c5   Thumb Code    40  kservice.o(i.skip_atoi)
    .constdata                               0x080023ec   Section       64  system_stm32l4xx.o(.constdata)
    .constdata                               0x0800242c   Section      290  kservice.o(.constdata)
    small_digits                             0x0800252c   Data          17  kservice.o(.constdata)
    large_digits                             0x0800253d   Data          17  kservice.o(.constdata)
    .rti_fn.0                                0x08002550   Section        4  components.o(.rti_fn.0)
    __tagsym$$used                           0x08002550   Number         0  components.o(.rti_fn.0)
    .rti_fn.0.end                            0x08002554   Section        4  components.o(.rti_fn.0.end)
    __tagsym$$used                           0x08002554   Number         0  components.o(.rti_fn.0.end)
    .rti_fn.1.end                            0x08002558   Section        4  components.o(.rti_fn.1.end)
    __tagsym$$used                           0x08002558   Number         0  components.o(.rti_fn.1.end)
    .rti_fn.6.end                            0x0800255c   Section        4  components.o(.rti_fn.6.end)
    __tagsym$$used                           0x0800255c   Number         0  components.o(.rti_fn.6.end)
    .data                                    0x20000000   Section        4  thread_test.o(.data)
    reversal_times                           0x20000000   Data           4  thread_test.o(.data)
    .data                                    0x20000004   Section        4  stm32l4xx_hal.o(.data)
    .data                                    0x20000008   Section        4  system_stm32l4xx.o(.data)
    .data                                    0x2000000c   Section        4  clock.o(.data)
    rt_tick                                  0x2000000c   Data           4  clock.o(.data)
    .data                                    0x20000010   Section        1  irq.o(.data)
    .data                                    0x20000014   Section       48  object.o(.data)
    rt_object_container                      0x20000014   Data          48  object.o(.data)
    .data                                    0x20000044   Section       20  scheduler.o(.data)
    rt_scheduler_lock_nest                   0x20000046   Data           2  scheduler.o(.data)
    .data                                    0x20000058   Section       12  timer.o(.data)
    random_nr                                0x20000058   Data           4  timer.o(.data)
    rt_timer_list                            0x2000005c   Data           8  timer.o(.data)
    .data                                    0x20000064   Section        4  cpuport.o(.data)
    rt_exception_hook                        0x20000064   Data           4  cpuport.o(.data)
    .data                                    0x20000068   Section        4  cpuport.o(.data)
    .data                                    0x2000006c   Section        4  cpuport.o(.data)
    .data                                    0x20000070   Section        4  cpuport.o(.data)
    .bss                                     0x20000074   Section     2592  thread_test.o(.bss)
    led_event                                0x20000074   Data          32  thread_test.o(.bss)
    led_thread1                              0x20000094   Data         128  thread_test.o(.bss)
    led_thread1_stack                        0x20000114   Data         512  thread_test.o(.bss)
    led_thread2                              0x20000314   Data         128  thread_test.o(.bss)
    led_thread2_stack                        0x20000394   Data         512  thread_test.o(.bss)
    led_thread3                              0x20000594   Data         128  thread_test.o(.bss)
    led_thread3_stack                        0x20000614   Data         512  thread_test.o(.bss)
    key_thread                               0x20000814   Data         128  thread_test.o(.bss)
    key_thread_stack                         0x20000894   Data         512  thread_test.o(.bss)
    .bss                                     0x20000a98   Section      384  components.o(.bss)
    main_stack                               0x20000a98   Data         256  components.o(.bss)
    .bss                                     0x20000c18   Section      256  idle.o(.bss)
    idle                                     0x20000c18   Data         128  idle.o(.bss)
    rt_thread_stack                          0x20000c98   Data         128  idle.o(.bss)
    .bss                                     0x20000d18   Section      128  kservice.o(.bss)
    rt_log_buf                               0x20000d18   Data         128  kservice.o(.bss)
    .bss                                     0x20000d98   Section       64  scheduler.o(.bss)
    STACK                                    0x20000dd8   Section     1024  startup_stm32l475xx.o(STACK)

    Global Symbols

    Symbol Name                              Value     Ov Type        Size  Object(Section)

    BuildAttributes$$THM_ISAv4$E$P$D$K$B$S$7EM$VFPi3$EXTD16$VFPS$VFMA$PE$A:L22UL41UL21$X:L11$S22US41US21$IEEE1$IW$USESV6$~STKCKD$USESV7$~SHL$OSPACE$EBA8$MICROLIB$REQ8$PRES8$EABIv2 0x00000000   Number         0  anon$$obj.o ABSOLUTE
    __ARM_use_no_argv                        0x00000000   Number         0  main.o ABSOLUTE
    __cpp_initialize__aeabi_                  - Undefined Weak Reference
    __cxa_finalize                            - Undefined Weak Reference
    __decompress                              - Undefined Weak Reference
    _clock_init                               - Undefined Weak Reference
    _microlib_exit                            - Undefined Weak Reference
    __Vectors_Size                           0x00000188   Number         0  startup_stm32l475xx.o ABSOLUTE
    __Vectors                                0x08000000   Data           4  startup_stm32l475xx.o(RESET)
    __Vectors_End                            0x08000188   Data           0  startup_stm32l475xx.o(RESET)
    __main                                   0x08000189   Thumb Code     0  entry.o(.ARM.Collect$$$$00000000)
    _main_stk                                0x08000189   Thumb Code     0  entry2.o(.ARM.Collect$$$$00000001)
    _main_scatterload                        0x0800018d   Thumb Code     0  entry5.o(.ARM.Collect$$$$00000004)
    __main_after_scatterload                 0x08000191   Thumb Code     0  entry5.o(.ARM.Collect$$$$00000004)
    _main_clock                              0x08000191   Thumb Code     0  entry7b.o(.ARM.Collect$$$$00000008)
    _main_cpp_init                           0x08000191   Thumb Code     0  entry8b.o(.ARM.Collect$$$$0000000A)
    _main_init                               0x08000191   Thumb Code     0  entry9a.o(.ARM.Collect$$$$0000000B)
    __rt_final_cpp                           0x08000199   Thumb Code     0  entry10a.o(.ARM.Collect$$$$0000000D)
    __rt_final_exit                          0x08000199   Thumb Code     0  entry11a.o(.ARM.Collect$$$$0000000F)
    Reset_Handler                            0x0800019d   Thumb Code     8  startup_stm32l475xx.o(.text)
    ADC1_2_IRQHandler                        0x080001b7   Thumb Code     0  startup_stm32l475xx.o(.text)
    ADC3_IRQHandler                          0x080001b7   Thumb Code     0  startup_stm32l475xx.o(.text)
    CAN1_RX0_IRQHandler                      0x080001b7   Thumb Code     0  startup_stm32l475xx.o(.text)
    CAN1_RX1_IRQHandler                      0x080001b7   Thumb Code     0  startup_stm32l475xx.o(.text)
    CAN1_SCE_IRQHandler                      0x080001b7   Thumb Code     0  startup_stm32l475xx.o(.text)
    CAN1_TX_IRQHandler                       0x080001b7   Thumb Code     0  startup_stm32l475xx.o(.text)
    COMP_IRQHandler                          0x080001b7   Thumb Code     0  startup_stm32l475xx.o(.text)
    DFSDM1_FLT0_IRQHandler                   0x080001b7   Thumb Code     0  startup_stm32l475xx.o(.text)
    DFSDM1_FLT1_IRQHandler                   0x080001b7   Thumb Code     0  startup_stm32l475xx.o(.text)
    DFSDM1_FLT2_IRQHandler                   0x080001b7   Thumb Code     0  startup_stm32l475xx.o(.text)
    DFSDM1_FLT3_IRQHandler                   0x080001b7   Thumb Code     0  startup_stm32l475xx.o(.text)
    DMA1_Channel1_IRQHandler                 0x080001b7   Thumb Code     0  startup_stm32l475xx.o(.text)
    DMA1_Channel2_IRQHandler                 0x080001b7   Thumb Code     0  startup_stm32l475xx.o(.text)
    DMA1_Channel3_IRQHandler                 0x080001b7   Thumb Code     0  startup_stm32l475xx.o(.text)
    DMA1_Channel4_IRQHandler                 0x080001b7   Thumb Code     0  startup_stm32l475xx.o(.text)
    DMA1_Channel5_IRQHandler                 0x080001b7   Thumb Code     0  startup_stm32l475xx.o(.text)
    DMA1_Channel6_IRQHandler                 0x080001b7   Thumb Code     0  startup_stm32l475xx.o(.text)
    DMA1_Channel7_IRQHandler                 0x080001b7   Thumb Code     0  startup_stm32l475xx.o(.text)
    DMA2_Channel1_IRQHandler                 0x080001b7   Thumb Code     0  startup_stm32l475xx.o(.text)
    DMA2_Channel2_IRQHandler                 0x080001b7   Thumb Code     0  startup_stm32l475xx.o(.text)
    DMA2_Channel3_IRQHandler                 0x080001b7   Thumb Code     0  startup_stm32l475xx.o(.text)
    DMA2_Channel4_IRQHandler                 0x080001b7   Thumb Code     0  startup_stm32l475xx.o(.text)
    DMA2_Channel5_IRQHandler                 0x080001b7   Thumb Code     0  startup_stm32l475xx.o(.text)
    DMA2_Channel6_IRQHandler                 0x080001b7   Thumb Code     0  startup_stm32l475xx.o(.text)
    DMA2_Channel7_IRQHandler                 0x080001b7   Thumb Code     0  startup_stm32l475xx.o(.text)
    EXTI0_IRQHandler                         0x080001b7   Thumb Code     0  startup_stm32l475xx.o(.text)
    EXTI15_10_IRQHandler                     0x080001b7   Thumb Code     0  startup_stm32l475xx.o(.text)
    EXTI1_IRQHandler                         0x080001b7   Thumb Code     0  startup_stm32l475xx.o(.text)
    EXTI2_IRQHandler                         0x080001b7   Thumb Code     0  startup_stm32l475xx.o(.text)
    EXTI3_IRQHandler                         0x080001b7   Thumb Code     0  startup_stm32l475xx.o(.text)
    EXTI4_IRQHandler                         0x080001b7   Thumb Code     0  startup_stm32l475xx.o(.text)
    EXTI9_5_IRQHandler                       0x080001b7   Thumb Code     0  startup_stm32l475xx.o(.text)
    FLASH_IRQHandler                         0x080001b7   Thumb Code     0  startup_stm32l475xx.o(.text)
    FMC_IRQHandler                           0x080001b7   Thumb Code     0  startup_stm32l475xx.o(.text)
    FPU_IRQHandler                           0x080001b7   Thumb Code     0  startup_stm32l475xx.o(.text)
    I2C1_ER_IRQHandler                       0x080001b7   Thumb Code     0  startup_stm32l475xx.o(.text)
    I2C1_EV_IRQHandler                       0x080001b7   Thumb Code     0  startup_stm32l475xx.o(.text)
    I2C2_ER_IRQHandler                       0x080001b7   Thumb Code     0  startup_stm32l475xx.o(.text)
    I2C2_EV_IRQHandler                       0x080001b7   Thumb Code     0  startup_stm32l475xx.o(.text)
    I2C3_ER_IRQHandler                       0x080001b7   Thumb Code     0  startup_stm32l475xx.o(.text)
    I2C3_EV_IRQHandler                       0x080001b7   Thumb Code     0  startup_stm32l475xx.o(.text)
    LPTIM1_IRQHandler                        0x080001b7   Thumb Code     0  startup_stm32l475xx.o(.text)
    LPTIM2_IRQHandler                        0x080001b7   Thumb Code     0  startup_stm32l475xx.o(.text)
    LPUART1_IRQHandler                       0x080001b7   Thumb Code     0  startup_stm32l475xx.o(.text)
    OTG_FS_IRQHandler                        0x080001b7   Thumb Code     0  startup_stm32l475xx.o(.text)
    PVD_PVM_IRQHandler                       0x080001b7   Thumb Code     0  startup_stm32l475xx.o(.text)
    QUADSPI_IRQHandler                       0x080001b7   Thumb Code     0  startup_stm32l475xx.o(.text)
    RCC_IRQHandler                           0x080001b7   Thumb Code     0  startup_stm32l475xx.o(.text)
    RNG_IRQHandler                           0x080001b7   Thumb Code     0  startup_stm32l475xx.o(.text)
    RTC_Alarm_IRQHandler                     0x080001b7   Thumb Code     0  startup_stm32l475xx.o(.text)
    RTC_WKUP_IRQHandler                      0x080001b7   Thumb Code     0  startup_stm32l475xx.o(.text)
    SAI1_IRQHandler                          0x080001b7   Thumb Code     0  startup_stm32l475xx.o(.text)
    SAI2_IRQHandler                          0x080001b7   Thumb Code     0  startup_stm32l475xx.o(.text)
    SDMMC1_IRQHandler                        0x080001b7   Thumb Code     0  startup_stm32l475xx.o(.text)
    SPI1_IRQHandler                          0x080001b7   Thumb Code     0  startup_stm32l475xx.o(.text)
    SPI2_IRQHandler                          0x080001b7   Thumb Code     0  startup_stm32l475xx.o(.text)
    SPI3_IRQHandler                          0x080001b7   Thumb Code     0  startup_stm32l475xx.o(.text)
    SWPMI1_IRQHandler                        0x080001b7   Thumb Code     0  startup_stm32l475xx.o(.text)
    TAMP_STAMP_IRQHandler                    0x080001b7   Thumb Code     0  startup_stm32l475xx.o(.text)
    TIM1_BRK_TIM15_IRQHandler                0x080001b7   Thumb Code     0  startup_stm32l475xx.o(.text)
    TIM1_CC_IRQHandler                       0x080001b7   Thumb Code     0  startup_stm32l475xx.o(.text)
    TIM1_TRG_COM_TIM17_IRQHandler            0x080001b7   Thumb Code     0  startup_stm32l475xx.o(.text)
    TIM1_UP_TIM16_IRQHandler                 0x080001b7   Thumb Code     0  startup_stm32l475xx.o(.text)
    TIM2_IRQHandler                          0x080001b7   Thumb Code     0  startup_stm32l475xx.o(.text)
    TIM3_IRQHandler                          0x080001b7   Thumb Code     0  startup_stm32l475xx.o(.text)
    TIM4_IRQHandler                          0x080001b7   Thumb Code     0  startup_stm32l475xx.o(.text)
    TIM5_IRQHandler                          0x080001b7   Thumb Code     0  startup_stm32l475xx.o(.text)
    TIM6_DAC_IRQHandler                      0x080001b7   Thumb Code     0  startup_stm32l475xx.o(.text)
    TIM7_IRQHandler                          0x080001b7   Thumb Code     0  startup_stm32l475xx.o(.text)
    TIM8_BRK_IRQHandler                      0x080001b7   Thumb Code     0  startup_stm32l475xx.o(.text)
    TIM8_CC_IRQHandler                       0x080001b7   Thumb Code     0  startup_stm32l475xx.o(.text)
    TIM8_TRG_COM_IRQHandler                  0x080001b7   Thumb Code     0  startup_stm32l475xx.o(.text)
    TIM8_UP_IRQHandler                       0x080001b7   Thumb Code     0  startup_stm32l475xx.o(.text)
    TSC_IRQHandler                           0x080001b7   Thumb Code     0  startup_stm32l475xx.o(.text)
    UART4_IRQHandler                         0x080001b7   Thumb Code     0  startup_stm32l475xx.o(.text)
    UART5_IRQHandler                         0x080001b7   Thumb Code     0  startup_stm32l475xx.o(.text)
    USART1_IRQHandler                        0x080001b7   Thumb Code     0  startup_stm32l475xx.o(.text)
    USART2_IRQHandler                        0x080001b7   Thumb Code     0  startup_stm32l475xx.o(.text)
    USART3_IRQHandler                        0x080001b7   Thumb Code     0  startup_stm32l475xx.o(.text)
    WWDG_IRQHandler                          0x080001b7   Thumb Code     0  startup_stm32l475xx.o(.text)
    rt_hw_interrupt_disable                  0x080001c1   Thumb Code     8  context_rvds.o(.text)
    rt_hw_interrupt_enable                   0x080001c9   Thumb Code     6  context_rvds.o(.text)
    rt_hw_context_switch                     0x080001cf   Thumb Code    32  context_rvds.o(.text)
    rt_hw_context_switch_interrupt           0x080001cf   Thumb Code     0  context_rvds.o(.text)
    PendSV_Handler                           0x080001ef   Thumb Code   108  context_rvds.o(.text)
    rt_hw_context_switch_to                  0x0800025b   Thumb Code    70  context_rvds.o(.text)
    rt_hw_interrupt_thread_switch            0x080002a1   Thumb Code     2  context_rvds.o(.text)
    HardFault_Handler                        0x080002a3   Thumb Code    56  context_rvds.o(.text)
    __aeabi_memset                           0x08000301   Thumb Code    14  memseta.o(.text)
    __aeabi_memset4                          0x08000301   Thumb Code     0  memseta.o(.text)
    __aeabi_memset8                          0x08000301   Thumb Code     0  memseta.o(.text)
    __aeabi_memclr                           0x0800030f   Thumb Code     4  memseta.o(.text)
    __aeabi_memclr4                          0x0800030f   Thumb Code     0  memseta.o(.text)
    __aeabi_memclr8                          0x0800030f   Thumb Code     0  memseta.o(.text)
    _memset$wrapper                          0x08000313   Thumb Code    18  memseta.o(.text)
    __scatterload                            0x08000325   Thumb Code    28  init.o(.text)
    __scatterload_rt2                        0x08000325   Thumb Code     0  init.o(.text)
    main                                     0x08000349   Thumb Code    14  components.o(i.$Sub$$main)
    BusFault_Handler                         0x08000357   Thumb Code     2  stm32l4xx_it.o(i.BusFault_Handler)
    DebugMon_Handler                         0x08000359   Thumb Code     2  stm32l4xx_it.o(i.DebugMon_Handler)
    HAL_GPIO_Init                            0x0800035d   Thumb Code   414  stm32l4xx_hal_gpio.o(i.HAL_GPIO_Init)
    HAL_GPIO_ReadPin                         0x08000527   Thumb Code    10  stm32l4xx_hal_gpio.o(i.HAL_GPIO_ReadPin)
    HAL_GPIO_WritePin                        0x08000531   Thumb Code    10  stm32l4xx_hal_gpio.o(i.HAL_GPIO_WritePin)
    HAL_GetTick                              0x0800053d   Thumb Code     6  stm32l4xx_hal.o(i.HAL_GetTick)
    HAL_Init                                 0x08000549   Thumb Code    30  stm32l4xx_hal.o(i.HAL_Init)
    HAL_InitTick                             0x08000569   Thumb Code    42  stm32l4xx_hal.o(i.HAL_InitTick)
    HAL_MspInit                              0x08000599   Thumb Code    38  stm32l4xx_hal_msp.o(i.HAL_MspInit)
    HAL_NVIC_SetPriority                     0x080005c5   Thumb Code    60  stm32l4xx_hal_cortex.o(i.HAL_NVIC_SetPriority)
    HAL_NVIC_SetPriorityGrouping             0x08000605   Thumb Code    26  stm32l4xx_hal_cortex.o(i.HAL_NVIC_SetPriorityGrouping)
    HAL_PWREx_ControlVoltageScaling          0x08000629   Thumb Code    90  stm32l4xx_hal_pwr_ex.o(i.HAL_PWREx_ControlVoltageScaling)
    HAL_PWREx_GetVoltageRange                0x08000691   Thumb Code    10  stm32l4xx_hal_pwr_ex.o(i.HAL_PWREx_GetVoltageRange)
    HAL_RCC_ClockConfig                      0x080006a1   Thumb Code   264  stm32l4xx_hal_rcc.o(i.HAL_RCC_ClockConfig)
    HAL_RCC_GetSysClockFreq                  0x080007b9   Thumb Code   152  stm32l4xx_hal_rcc.o(i.HAL_RCC_GetSysClockFreq)
    HAL_RCC_OscConfig                        0x0800085d   Thumb Code  1118  stm32l4xx_hal_rcc.o(i.HAL_RCC_OscConfig)
    HAL_SYSTICK_Config                       0x08000cc1   Thumb Code    40  stm32l4xx_hal_cortex.o(i.HAL_SYSTICK_Config)
    MX_rtthread_Process                      0x08000d5d   Thumb Code   158  thread_test.o(i.MX_rtthread_Process)
    MemManage_Handler                        0x08000e49   Thumb Code     2  stm32l4xx_it.o(i.MemManage_Handler)
    NMI_Handler                              0x08000e4b   Thumb Code     2  stm32l4xx_it.o(i.NMI_Handler)
    SVC_Handler                              0x08000ee9   Thumb Code     2  stm32l4xx_it.o(i.SVC_Handler)
    SysTick_Handler                          0x08000eeb   Thumb Code    18  board.o(i.SysTick_Handler)
    SystemClock_Config                       0x08000efd   Thumb Code    76  main.o(i.SystemClock_Config)
    SystemCoreClockUpdate                    0x08000f49   Thumb Code   152  system_stm32l4xx.o(i.SystemCoreClockUpdate)
    SystemInit                               0x08000ff1   Thumb Code    56  system_stm32l4xx.o(i.SystemInit)
    UsageFault_Handler                       0x08001035   Thumb Code     2  stm32l4xx_it.o(i.UsageFault_Handler)
    __rt_ffs                                 0x08001039   Thumb Code    64  kservice.o(i.__rt_ffs)
    __scatterload_copy                       0x0800107d   Thumb Code    14  handlers.o(i.__scatterload_copy)
    __scatterload_null                       0x0800108b   Thumb Code     2  handlers.o(i.__scatterload_null)
    __scatterload_zeroinit                   0x0800108d   Thumb Code    14  handlers.o(i.__scatterload_zeroinit)
    $Super$$main                             0x08001261   Thumb Code    22  main.o(i.main)
    main_thread_entry                        0x08001277   Thumb Code    14  components.o(i.main_thread_entry)
    rt_application_init                      0x080013b9   Thumb Code    42  components.o(i.rt_application_init)
    rt_components_board_init                 0x080013f5   Thumb Code    20  components.o(i.rt_components_board_init)
    rt_components_init                       0x08001411   Thumb Code    20  components.o(i.rt_components_init)
    rt_enter_critical                        0x0800142d   Thumb Code    22  scheduler.o(i.rt_enter_critical)
    rt_event_init                            0x08001449   Thumb Code    30  ipc.o(i.rt_event_init)
    rt_event_recv                            0x08001467   Thumb Code   250  ipc.o(i.rt_event_recv)
    rt_event_send                            0x08001561   Thumb Code   134  ipc.o(i.rt_event_send)
    rt_exit_critical                         0x080015e9   Thumb Code    44  scheduler.o(i.rt_exit_critical)
    rt_hw_board_init                         0x08001619   Thumb Code    52  board.o(i.rt_hw_board_init)
    rt_hw_console_output                     0x08001655   Thumb Code     2  kservice.o(i.rt_hw_console_output)
    rt_hw_hard_fault_exception               0x08001659   Thumb Code   190  cpuport.o(i.rt_hw_hard_fault_exception)
    rt_hw_stack_init                         0x08001869   Thumb Code    54  cpuport.o(i.rt_hw_stack_init)
    rt_interrupt_enter                       0x080018a5   Thumb Code    22  irq.o(i.rt_interrupt_enter)
    rt_interrupt_leave                       0x080018c1   Thumb Code    22  irq.o(i.rt_interrupt_leave)
    rt_kprintf                               0x080018dd   Thumb Code    28  kservice.o(i.rt_kprintf)
    rt_memset                                0x08001939   Thumb Code    70  kservice.o(i.rt_memset)
    rt_object_detach                         0x0800197f   Thumb Code    36  object.o(i.rt_object_detach)
    rt_object_get_information                0x080019a5   Thumb Code    30  object.o(i.rt_object_get_information)
    rt_object_init                           0x080019c9   Thumb Code    62  object.o(i.rt_object_init)
    rt_object_is_systemobject                0x08001a07   Thumb Code    14  object.o(i.rt_object_is_systemobject)
    rt_schedule                              0x08001a15   Thumb Code    76  scheduler.o(i.rt_schedule)
    rt_schedule_insert_thread                0x08001a6d   Thumb Code    70  scheduler.o(i.rt_schedule_insert_thread)
    rt_schedule_remove_thread                0x08001abd   Thumb Code    64  scheduler.o(i.rt_schedule_remove_thread)
    rt_show_version                          0x08001b05   Thumb Code    40  kservice.o(i.rt_show_version)
    rt_strlen                                0x08001bb5   Thumb Code    16  kservice.o(i.rt_strlen)
    rt_strncpy                               0x08001bc5   Thumb Code    38  kservice.o(i.rt_strncpy)
    rt_system_scheduler_init                 0x08001bed   Thumb Code    44  scheduler.o(i.rt_system_scheduler_init)
    rt_system_scheduler_start                0x08001c21   Thumb Code    32  scheduler.o(i.rt_system_scheduler_start)
    rt_system_timer_init                     0x08001c49   Thumb Code     8  timer.o(i.rt_system_timer_init)
    rt_system_timer_thread_init              0x08001c55   Thumb Code     2  timer.o(i.rt_system_timer_thread_init)
    rt_thread_exit                           0x08001c59   Thumb Code    78  thread.o(i.rt_thread_exit)
    rt_thread_idle_excute                    0x08001cb9   Thumb Code    96  idle.o(i.rt_thread_idle_excute)
    rt_thread_idle_init                      0x08001d1d   Thumb Code    40  idle.o(i.rt_thread_idle_init)
    rt_thread_init                           0x08001d55   Thumb Code    48  thread.o(i.rt_thread_init)
    rt_thread_mdelay                         0x08001d8b   Thumb Code    14  thread.o(i.rt_thread_mdelay)
    rt_thread_resume                         0x08001d99   Thumb Code    60  thread.o(i.rt_thread_resume)
    rt_thread_self                           0x08001dd5   Thumb Code     6  thread.o(i.rt_thread_self)
    rt_thread_sleep                          0x08001de1   Thumb Code    60  thread.o(i.rt_thread_sleep)
    rt_thread_startup                        0x08001e21   Thumb Code    40  thread.o(i.rt_thread_startup)
    rt_thread_suspend                        0x08001e4d   Thumb Code    66  thread.o(i.rt_thread_suspend)
    rt_thread_timeout                        0x08001e8f   Thumb Code    32  thread.o(i.rt_thread_timeout)
    rt_thread_yield                          0x08001eb1   Thumb Code    86  thread.o(i.rt_thread_yield)
    rt_tick_from_millisecond                 0x08001f11   Thumb Code    34  clock.o(i.rt_tick_from_millisecond)
    rt_tick_get                              0x08001f35   Thumb Code     6  clock.o(i.rt_tick_get)
    rt_tick_increase                         0x08001f41   Thumb Code    38  clock.o(i.rt_tick_increase)
    rt_timer_check                           0x08001f6d   Thumb Code    98  timer.o(i.rt_timer_check)
    rt_timer_control                         0x08001fd5   Thumb Code    48  timer.o(i.rt_timer_control)
    rt_timer_detach                          0x08002005   Thumb Code    32  timer.o(i.rt_timer_detach)
    rt_timer_init                            0x08002025   Thumb Code    48  timer.o(i.rt_timer_init)
    rt_timer_start                           0x08002055   Thumb Code   136  timer.o(i.rt_timer_start)
    rt_timer_stop                            0x080020e1   Thumb Code    46  timer.o(i.rt_timer_stop)
    rt_vsnprintf                             0x08002111   Thumb Code   618  kservice.o(i.rt_vsnprintf)
    rtthread_startup                         0x0800239b   Thumb Code    42  components.o(i.rtthread_startup)
    AHBPrescTable                            0x080023ec   Data          16  system_stm32l4xx.o(.constdata)
    MSIRangeTable                            0x080023fc   Data          48  system_stm32l4xx.o(.constdata)
    __lowest_bit_bitmap                      0x0800242c   Data         256  kservice.o(.constdata)
    __rt_init_rti_start                      0x08002550   Data           4  components.o(.rti_fn.0)
    __rt_init_rti_board_start                0x08002554   Data           4  components.o(.rti_fn.0.end)
    __rt_init_rti_board_end                  0x08002558   Data           4  components.o(.rti_fn.1.end)
    __rt_init_rti_end                        0x0800255c   Data           4  components.o(.rti_fn.6.end)
    Region$$Table$$Base                      0x08002560   Number         0  anon$$obj.o(Region$$Table)
    Region$$Table$$Limit                     0x08002580   Number         0  anon$$obj.o(Region$$Table)
    uwTick                                   0x20000004   Data           4  stm32l4xx_hal.o(.data)
    SystemCoreClock                          0x20000008   Data           4  system_stm32l4xx.o(.data)
    rt_interrupt_nest                        0x20000010   Data           1  irq.o(.data)
    rt_current_priority                      0x20000044   Data           1  scheduler.o(.data)
    rt_current_thread                        0x20000048   Data           4  scheduler.o(.data)
    rt_thread_ready_priority_group           0x2000004c   Data           4  scheduler.o(.data)
    rt_thread_defunct                        0x20000050   Data           8  scheduler.o(.data)
    rt_interrupt_from_thread                 0x20000068   Data           4  cpuport.o(.data)
    rt_interrupt_to_thread                   0x2000006c   Data           4  cpuport.o(.data)
    rt_thread_switch_interrupt_flag          0x20000070   Data           4  cpuport.o(.data)
    main_thread                              0x20000b98   Data         128  components.o(.bss)
    rt_thread_priority_table                 0x20000d98   Data          64  scheduler.o(.bss)
    __initial_sp                             0x200011d8   Data           0  startup_stm32l475xx.o(STACK)



==============================================================================

Memory Map of the image

  Image Entry point : 0x08000189

  Load Region LR_IROM1 (Base: 0x08000000, Size: 0x000025f4, Max: 0x00080000, ABSOLUTE)

    Execution Region ER_IROM1 (Exec base: 0x08000000, Load base: 0x08000000, Size: 0x00002580, Max: 0x00080000, ABSOLUTE)

    Exec Addr    Load Addr    Size         Type   Attr      Idx    E Section Name        Object

    0x08000000   0x08000000   0x00000188   Data   RO            3    RESET               startup_stm32l475xx.o
    0x08000188   0x08000188   0x00000000   Code   RO         3015  * .ARM.Collect$$$$00000000  mc_w.l(entry.o)
    0x08000188   0x08000188   0x00000004   Code   RO         3020    .ARM.Collect$$$$00000001  mc_w.l(entry2.o)
    0x0800018c   0x0800018c   0x00000004   Code   RO         3023    .ARM.Collect$$$$00000004  mc_w.l(entry5.o)
    0x08000190   0x08000190   0x00000000   Code   RO         3025    .ARM.Collect$$$$00000008  mc_w.l(entry7b.o)
    0x08000190   0x08000190   0x00000000   Code   RO         3027    .ARM.Collect$$$$0000000A  mc_w.l(entry8b.o)
    0x08000190   0x08000190   0x00000008   Code   RO         3028    .ARM.Collect$$$$0000000B  mc_w.l(entry9a.o)
    0x08000198   0x08000198   0x00000000   Code   RO         3030    .ARM.Collect$$$$0000000D  mc_w.l(entry10a.o)
    0x08000198   0x08000198   0x00000000   Code   RO         3032    .ARM.Collect$$$$0000000F  mc_w.l(entry11a.o)
    0x08000198   0x08000198   0x00000004   Code   RO         3021    .ARM.Collect$$$$00002712  mc_w.l(entry2.o)
    0x0800019c   0x0800019c   0x00000024   Code   RO            4    .text               startup_stm32l475xx.o
    0x080001c0   0x080001c0   0x00000140   Code   RO         2258    .text               context_rvds.o
    0x08000300   0x08000300   0x00000024   Code   RO         3018    .text               mc_w.l(memseta.o)
    0x08000324   0x08000324   0x00000024   Code   RO         3034    .text               mc_w.l(init.o)
    0x08000348   0x08000348   0x0000000e   Code   RO         2322    i.$Sub$$main        components.o
    0x08000356   0x08000356   0x00000002   Code   RO          145    i.BusFault_Handler  stm32l4xx_it.o
    0x08000358   0x08000358   0x00000002   Code   RO          146    i.DebugMon_Handler  stm32l4xx_it.o
    0x0800035a   0x0800035a   0x00000002   PAD
    0x0800035c   0x0800035c   0x000001ca   Code   RO         1552    i.HAL_GPIO_Init     stm32l4xx_hal_gpio.o
    0x08000526   0x08000526   0x0000000a   Code   RO         1554    i.HAL_GPIO_ReadPin  stm32l4xx_hal_gpio.o
    0x08000530   0x08000530   0x0000000a   Code   RO         1556    i.HAL_GPIO_WritePin  stm32l4xx_hal_gpio.o
    0x0800053a   0x0800053a   0x00000002   PAD
    0x0800053c   0x0800053c   0x0000000c   Code   RO          377    i.HAL_GetTick       stm32l4xx_hal.o
    0x08000548   0x08000548   0x0000001e   Code   RO          382    i.HAL_Init          stm32l4xx_hal.o
    0x08000566   0x08000566   0x00000002   PAD
    0x08000568   0x08000568   0x00000030   Code   RO          383    i.HAL_InitTick      stm32l4xx_hal.o
    0x08000598   0x08000598   0x0000002c   Code   RO          202    i.HAL_MspInit       stm32l4xx_hal_msp.o
    0x080005c4   0x080005c4   0x00000040   Code   RO         2099    i.HAL_NVIC_SetPriority  stm32l4xx_hal_cortex.o
    0x08000604   0x08000604   0x00000024   Code   RO         2100    i.HAL_NVIC_SetPriorityGrouping  stm32l4xx_hal_cortex.o
    0x08000628   0x08000628   0x00000068   Code   RO         1843    i.HAL_PWREx_ControlVoltageScaling  stm32l4xx_hal_pwr_ex.o
    0x08000690   0x08000690   0x00000010   Code   RO         1874    i.HAL_PWREx_GetVoltageRange  stm32l4xx_hal_pwr_ex.o
    0x080006a0   0x080006a0   0x00000118   Code   RO         1094    i.HAL_RCC_ClockConfig  stm32l4xx_hal_rcc.o
    0x080007b8   0x080007b8   0x000000a4   Code   RO         1102    i.HAL_RCC_GetSysClockFreq  stm32l4xx_hal_rcc.o
    0x0800085c   0x0800085c   0x00000464   Code   RO         1105    i.HAL_RCC_OscConfig  stm32l4xx_hal_rcc.o
    0x08000cc0   0x08000cc0   0x00000028   Code   RO         2104    i.HAL_SYSTICK_Config  stm32l4xx_hal_cortex.o
    0x08000ce8   0x08000ce8   0x00000074   Code   RO           14    i.MX_GPIO_Init      main.o
    0x08000d5c   0x08000d5c   0x000000ec   Code   RO          226    i.MX_rtthread_Process  thread_test.o
    0x08000e48   0x08000e48   0x00000002   Code   RO          147    i.MemManage_Handler  stm32l4xx_it.o
    0x08000e4a   0x08000e4a   0x00000002   Code   RO          148    i.NMI_Handler       stm32l4xx_it.o
    0x08000e4c   0x08000e4c   0x00000020   Code   RO         2106    i.NVIC_SetPriority  stm32l4xx_hal_cortex.o
    0x08000e6c   0x08000e6c   0x0000007c   Code   RO         1106    i.RCC_SetFlashLatencyFromMSIRange  stm32l4xx_hal_rcc.o
    0x08000ee8   0x08000ee8   0x00000002   Code   RO          149    i.SVC_Handler       stm32l4xx_it.o
    0x08000eea   0x08000eea   0x00000012   Code   RO         2262    i.SysTick_Handler   board.o
    0x08000efc   0x08000efc   0x0000004c   Code   RO           15    i.SystemClock_Config  main.o
    0x08000f48   0x08000f48   0x000000a8   Code   RO         2223    i.SystemCoreClockUpdate  system_stm32l4xx.o
    0x08000ff0   0x08000ff0   0x00000044   Code   RO         2224    i.SystemInit        system_stm32l4xx.o
    0x08001034   0x08001034   0x00000002   Code   RO          150    i.UsageFault_Handler  stm32l4xx_it.o
    0x08001036   0x08001036   0x00000002   PAD
    0x08001038   0x08001038   0x00000044   Code   RO         2513    i.__rt_ffs          kservice.o
    0x0800107c   0x0800107c   0x0000000e   Code   RO         3038    i.__scatterload_copy  mc_w.l(handlers.o)
    0x0800108a   0x0800108a   0x00000002   Code   RO         3039    i.__scatterload_null  mc_w.l(handlers.o)
    0x0800108c   0x0800108c   0x0000000e   Code   RO         3040    i.__scatterload_zeroinit  mc_w.l(handlers.o)
    0x0800109a   0x0800109a   0x00000002   PAD
    0x0800109c   0x0800109c   0x00000014   Code   RO         2397    i._has_defunct_thread  idle.o
    0x080010b0   0x080010b0   0x00000074   Code   RO         2790    i._rt_thread_init   thread.o
    0x08001124   0x08001124   0x00000012   Code   RO         2898    i._rt_timer_remove  timer.o
    0x08001136   0x08001136   0x00000002   PAD
    0x08001138   0x08001138   0x00000054   Code   RO          227    i.key_thread_entry  thread_test.o
    0x0800118c   0x0800118c   0x00000044   Code   RO          228    i.led_thread1_entry  thread_test.o
    0x080011d0   0x080011d0   0x00000048   Code   RO          229    i.led_thread2_entry  thread_test.o
    0x08001218   0x08001218   0x00000048   Code   RO          230    i.led_thread3_entry  thread_test.o
    0x08001260   0x08001260   0x00000016   Code   RO           16    i.main              main.o
    0x08001276   0x08001276   0x0000000e   Code   RO         2323    i.main_thread_entry  components.o
    0x08001284   0x08001284   0x00000132   Code   RO         2515    i.print_number      kservice.o
    0x080013b6   0x080013b6   0x00000002   PAD
    0x080013b8   0x080013b8   0x0000003c   Code   RO         2324    i.rt_application_init  components.o
    0x080013f4   0x080013f4   0x0000001c   Code   RO         2325    i.rt_components_board_init  components.o
    0x08001410   0x08001410   0x0000001c   Code   RO         2326    i.rt_components_init  components.o
    0x0800142c   0x0800142c   0x0000001c   Code   RO         2729    i.rt_enter_critical  scheduler.o
    0x08001448   0x08001448   0x0000001e   Code   RO         2439    i.rt_event_init     ipc.o
    0x08001466   0x08001466   0x000000fa   Code   RO         2440    i.rt_event_recv     ipc.o
    0x08001560   0x08001560   0x00000086   Code   RO         2441    i.rt_event_send     ipc.o
    0x080015e6   0x080015e6   0x00000002   PAD
    0x080015e8   0x080015e8   0x00000030   Code   RO         2730    i.rt_exit_critical  scheduler.o
    0x08001618   0x08001618   0x0000003c   Code   RO         2263    i.rt_hw_board_init  board.o
    0x08001654   0x08001654   0x00000002   Code   RO         2517    i.rt_hw_console_output  kservice.o
    0x08001656   0x08001656   0x00000002   PAD
    0x08001658   0x08001658   0x00000210   Code   RO         2976    i.rt_hw_hard_fault_exception  cpuport.o
    0x08001868   0x08001868   0x0000003c   Code   RO         2977    i.rt_hw_stack_init  cpuport.o
    0x080018a4   0x080018a4   0x0000001c   Code   RO         2486    i.rt_interrupt_enter  irq.o
    0x080018c0   0x080018c0   0x0000001c   Code   RO         2488    i.rt_interrupt_leave  irq.o
    0x080018dc   0x080018dc   0x00000020   Code   RO         2518    i.rt_kprintf        kservice.o
    0x080018fc   0x080018fc   0x0000000e   Code   RO         2791    i.rt_list_insert_after  thread.o
    0x0800190a   0x0800190a   0x0000000e   Code   RO         2899    i.rt_list_insert_after  timer.o
    0x08001918   0x08001918   0x0000000e   Code   RO         2443    i.rt_list_insert_before  ipc.o
    0x08001926   0x08001926   0x00000012   Code   RO         2792    i.rt_list_remove    thread.o
    0x08001938   0x08001938   0x00000046   Code   RO         2523    i.rt_memset         kservice.o
    0x0800197e   0x0800197e   0x00000024   Code   RO         2675    i.rt_object_detach  object.o
    0x080019a2   0x080019a2   0x00000002   PAD
    0x080019a4   0x080019a4   0x00000024   Code   RO         2677    i.rt_object_get_information  object.o
    0x080019c8   0x080019c8   0x0000003e   Code   RO         2679    i.rt_object_init    object.o
    0x08001a06   0x08001a06   0x0000000e   Code   RO         2680    i.rt_object_is_systemobject  object.o
    0x08001a14   0x08001a14   0x00000058   Code   RO         2731    i.rt_schedule       scheduler.o
    0x08001a6c   0x08001a6c   0x00000050   Code   RO         2732    i.rt_schedule_insert_thread  scheduler.o
    0x08001abc   0x08001abc   0x00000048   Code   RO         2733    i.rt_schedule_remove_thread  scheduler.o
    0x08001b04   0x08001b04   0x000000b0   Code   RO         2525    i.rt_show_version   kservice.o
    0x08001bb4   0x08001bb4   0x00000010   Code   RO         2530    i.rt_strlen         kservice.o
    0x08001bc4   0x08001bc4   0x00000026   Code   RO         2532    i.rt_strncpy        kservice.o
    0x08001bea   0x08001bea   0x00000002   PAD
    0x08001bec   0x08001bec   0x00000034   Code   RO         2734    i.rt_system_scheduler_init  scheduler.o
    0x08001c20   0x08001c20   0x00000028   Code   RO         2735    i.rt_system_scheduler_start  scheduler.o
    0x08001c48   0x08001c48   0x0000000c   Code   RO         2900    i.rt_system_timer_init  timer.o
    0x08001c54   0x08001c54   0x00000002   Code   RO         2901    i.rt_system_timer_thread_init  timer.o
    0x08001c56   0x08001c56   0x00000002   PAD
    0x08001c58   0x08001c58   0x00000058   Code   RO         2796    i.rt_thread_exit    thread.o
    0x08001cb0   0x08001cb0   0x00000006   Code   RO         2398    i.rt_thread_idle_entry  idle.o
    0x08001cb6   0x08001cb6   0x00000002   PAD
    0x08001cb8   0x08001cb8   0x00000064   Code   RO         2399    i.rt_thread_idle_excute  idle.o
    0x08001d1c   0x08001d1c   0x00000038   Code   RO         2401    i.rt_thread_idle_init  idle.o
    0x08001d54   0x08001d54   0x00000036   Code   RO         2798    i.rt_thread_init    thread.o
    0x08001d8a   0x08001d8a   0x0000000e   Code   RO         2799    i.rt_thread_mdelay  thread.o
    0x08001d98   0x08001d98   0x0000003c   Code   RO         2800    i.rt_thread_resume  thread.o
    0x08001dd4   0x08001dd4   0x0000000c   Code   RO         2801    i.rt_thread_self    thread.o
    0x08001de0   0x08001de0   0x00000040   Code   RO         2802    i.rt_thread_sleep   thread.o
    0x08001e20   0x08001e20   0x0000002c   Code   RO         2803    i.rt_thread_startup  thread.o
    0x08001e4c   0x08001e4c   0x00000042   Code   RO         2804    i.rt_thread_suspend  thread.o
    0x08001e8e   0x08001e8e   0x00000020   Code   RO         2805    i.rt_thread_timeout  thread.o
    0x08001eae   0x08001eae   0x00000002   PAD
    0x08001eb0   0x08001eb0   0x00000060   Code   RO         2806    i.rt_thread_yield   thread.o
    0x08001f10   0x08001f10   0x00000022   Code   RO         2285    i.rt_tick_from_millisecond  clock.o
    0x08001f32   0x08001f32   0x00000002   PAD
    0x08001f34   0x08001f34   0x0000000c   Code   RO         2286    i.rt_tick_get       clock.o
    0x08001f40   0x08001f40   0x0000002c   Code   RO         2287    i.rt_tick_increase  clock.o
    0x08001f6c   0x08001f6c   0x00000068   Code   RO         2902    i.rt_timer_check    timer.o
    0x08001fd4   0x08001fd4   0x00000030   Code   RO         2903    i.rt_timer_control  timer.o
    0x08002004   0x08002004   0x00000020   Code   RO         2904    i.rt_timer_detach   timer.o
    0x08002024   0x08002024   0x00000030   Code   RO         2905    i.rt_timer_init     timer.o
    0x08002054   0x08002054   0x0000008c   Code   RO         2907    i.rt_timer_start    timer.o
    0x080020e0   0x080020e0   0x0000002e   Code   RO         2908    i.rt_timer_stop     timer.o
    0x0800210e   0x0800210e   0x00000002   PAD
    0x08002110   0x08002110   0x0000027a   Code   RO         2535    i.rt_vsnprintf      kservice.o
    0x0800238a   0x0800238a   0x00000004   Code   RO         2327    i.rti_board_end     components.o
    0x0800238e   0x0800238e   0x00000004   Code   RO         2328    i.rti_board_start   components.o
    0x08002392   0x08002392   0x00000004   Code   RO         2329    i.rti_end           components.o
    0x08002396   0x08002396   0x00000004   Code   RO         2330    i.rti_start         components.o
    0x0800239a   0x0800239a   0x0000002a   Code   RO         2331    i.rtthread_startup  components.o
    0x080023c4   0x080023c4   0x00000028   Code   RO         2537    i.skip_atoi         kservice.o
    0x080023ec   0x080023ec   0x00000040   Data   RO         2225    .constdata          system_stm32l4xx.o
    0x0800242c   0x0800242c   0x00000122   Data   RO         2539    .constdata          kservice.o
    0x0800254e   0x0800254e   0x00000002   PAD
    0x08002550   0x08002550   0x00000004   Data   RO         2333    .rti_fn.0           components.o
    0x08002554   0x08002554   0x00000004   Data   RO         2334    .rti_fn.0.end       components.o
    0x08002558   0x08002558   0x00000004   Data   RO         2335    .rti_fn.1.end       components.o
    0x0800255c   0x0800255c   0x00000004   Data   RO         2336    .rti_fn.6.end       components.o
    0x08002560   0x08002560   0x00000020   Data   RO         3036    Region$$Table       anon$$obj.o


    Execution Region RW_IRAM1 (Exec base: 0x20000000, Load base: 0x08002580, Size: 0x000011d8, Max: 0x00018000, ABSOLUTE)

    Exec Addr    Load Addr    Size         Type   Attr      Idx    E Section Name        Object

    0x20000000   0x08002580   0x00000004   Data   RW          232    .data               thread_test.o
    0x20000004   0x08002584   0x00000004   Data   RW          398    .data               stm32l4xx_hal.o
    0x20000008   0x08002588   0x00000004   Data   RW         2227    .data               system_stm32l4xx.o
    0x2000000c   0x0800258c   0x00000004   Data   RW         2289    .data               clock.o
    0x20000010   0x08002590   0x00000001   Data   RW         2489    .data               irq.o
    0x20000011   0x08002591   0x00000003   PAD
    0x20000014   0x08002594   0x00000030   Data   RW         2682    .data               object.o
    0x20000044   0x080025c4   0x00000014   Data   RW         2737    .data               scheduler.o
    0x20000058   0x080025d8   0x0000000c   Data   RW         2909    .data               timer.o
    0x20000064   0x080025e4   0x00000004   Data   RW         2978    .data               cpuport.o
    0x20000068   0x080025e8   0x00000004   Data   RW         2979    .data               cpuport.o
    0x2000006c   0x080025ec   0x00000004   Data   RW         2980    .data               cpuport.o
    0x20000070   0x080025f0   0x00000004   Data   RW         2981    .data               cpuport.o
    0x20000074        -       0x00000a20   Zero   RW          231    .bss                thread_test.o
    0x20000a94   0x080025f4   0x00000004   PAD
    0x20000a98        -       0x00000180   Zero   RW         2332    .bss                components.o
    0x20000c18        -       0x00000100   Zero   RW         2402    .bss                idle.o
    0x20000d18        -       0x00000080   Zero   RW         2538    .bss                kservice.o
    0x20000d98        -       0x00000040   Zero   RW         2736    .bss                scheduler.o
    0x20000dd8        -       0x00000400   Zero   RW            1    STACK               startup_stm32l475xx.o


==============================================================================

Image component sizes


      Code (inc. data)   RO Data    RW Data    ZI Data      Debug   Object Name

        78          8          0          0          0       1923   board.o
        90         12          0          4          0       1996   clock.o
       202         34         16          0        384       6576   components.o
       320         26          0          0          0        876   context_rvds.o
       588        344          0         16          0       4274   cpuport.o
       182         24          0          0        256       5842   idle.o
       428          0          0          0          0       7068   ipc.o
        56         12          0          1          0       1758   irq.o
      1382        160        290          0        128      11191   kservice.o
       214         12          0          0          0     739452   main.o
       148          6          0         48          0       6372   object.o
       408         56          0         20         64       8594   scheduler.o
        36          8        392          0       1024        836   startup_stm32l475xx.o
        90         12          0          4          0       3025   stm32l4xx_hal.o
       172         14          0          0          0      29722   stm32l4xx_hal_cortex.o
       478         38          0          0          0       3107   stm32l4xx_hal_gpio.o
        44          6          0          0          0        822   stm32l4xx_hal_msp.o
       120         20          0          0          0       1366   stm32l4xx_hal_pwr_ex.o
      1692         62          0          0          0       5702   stm32l4xx_hal_rcc.o
        12          0          0          0          0       2715   stm32l4xx_it.o
       236         28         64          4          0       2001   system_stm32l4xx.o
       678         42          0          0          0      11802   thread.o
       532        128          0          4       2592       8958   thread_test.o
       464         14          0         12          0      10284   timer.o

    ----------------------------------------------------------------------
      8680       1066        796        116       4452     876262   Object Totals
         0          0         32          0          0          0   (incl. Generated)
        30          0          2          3          4          0   (incl. Padding)

    ----------------------------------------------------------------------

      Code (inc. data)   RO Data    RW Data    ZI Data      Debug   Library Member Name

         0          0          0          0          0          0   entry.o
         0          0          0          0          0          0   entry10a.o
         0          0          0          0          0          0   entry11a.o
         8          4          0          0          0          0   entry2.o
         4          0          0          0          0          0   entry5.o
         0          0          0          0          0          0   entry7b.o
         0          0          0          0          0          0   entry8b.o
         8          4          0          0          0          0   entry9a.o
        30          0          0          0          0          0   handlers.o
        36          8          0          0          0         68   init.o
        36          0          0          0          0        108   memseta.o

    ----------------------------------------------------------------------
       124         16          0          0          0        176   Library Totals
         2          0          0          0          0          0   (incl. Padding)

    ----------------------------------------------------------------------

      Code (inc. data)   RO Data    RW Data    ZI Data      Debug   Library Name

       122         16          0          0          0        176   mc_w.l

    ----------------------------------------------------------------------
       124         16          0          0          0        176   Library Totals

    ----------------------------------------------------------------------

==============================================================================


      Code (inc. data)   RO Data    RW Data    ZI Data      Debug   

      8804       1082        796        116       4452     866942   Grand Totals
      8804       1082        796        116       4452     866942   ELF Image Totals
      8804       1082        796        116          0          0   ROM Totals

==============================================================================

    Total RO  Size (Code + RO Data)                 9600 (   9.38kB)
    Total RW  Size (RW Data + ZI Data)              4568 (   4.46kB)
    Total ROM Size (Code + RO Data + RW Data)       9716 (   9.49kB)

==============================================================================

